Archive member included to satisfy reference by file (symbol)

/usr/lib/gcc/arm-none-eabi/4.9.3/../../../arm-none-eabi/lib/armv7-m/libc_nano.a(lib_a-atexit.o)
                              /usr/lib/gcc/arm-none-eabi/4.9.3/../../../arm-none-eabi/lib/armv7-m/crt0.o (atexit)
/usr/lib/gcc/arm-none-eabi/4.9.3/../../../arm-none-eabi/lib/armv7-m/libc_nano.a(lib_a-exit.o)
                              /usr/lib/gcc/arm-none-eabi/4.9.3/../../../arm-none-eabi/lib/armv7-m/crt0.o (exit)
/usr/lib/gcc/arm-none-eabi/4.9.3/../../../arm-none-eabi/lib/armv7-m/libc_nano.a(lib_a-fini.o)
                              /usr/lib/gcc/arm-none-eabi/4.9.3/../../../arm-none-eabi/lib/armv7-m/crt0.o (__libc_fini_array)
/usr/lib/gcc/arm-none-eabi/4.9.3/../../../arm-none-eabi/lib/armv7-m/libc_nano.a(lib_a-impure.o)
                              /usr/lib/gcc/arm-none-eabi/4.9.3/../../../arm-none-eabi/lib/armv7-m/libc_nano.a(lib_a-exit.o) (_global_impure_ptr)
/usr/lib/gcc/arm-none-eabi/4.9.3/../../../arm-none-eabi/lib/armv7-m/libc_nano.a(lib_a-init.o)
                              /usr/lib/gcc/arm-none-eabi/4.9.3/../../../arm-none-eabi/lib/armv7-m/crt0.o (__libc_init_array)
/usr/lib/gcc/arm-none-eabi/4.9.3/../../../arm-none-eabi/lib/armv7-m/libc_nano.a(lib_a-memset.o)
                              /usr/lib/gcc/arm-none-eabi/4.9.3/../../../arm-none-eabi/lib/armv7-m/crt0.o (memset)
/usr/lib/gcc/arm-none-eabi/4.9.3/../../../arm-none-eabi/lib/armv7-m/libc_nano.a(lib_a-__atexit.o)
                              /usr/lib/gcc/arm-none-eabi/4.9.3/../../../arm-none-eabi/lib/armv7-m/libc_nano.a(lib_a-atexit.o) (__register_exitproc)
/usr/lib/gcc/arm-none-eabi/4.9.3/../../../arm-none-eabi/lib/armv7-m/libc_nano.a(lib_a-__call_atexit.o)
                              /usr/lib/gcc/arm-none-eabi/4.9.3/../../../arm-none-eabi/lib/armv7-m/libc_nano.a(lib_a-__atexit.o) (__call_exitprocs)
/usr/lib/gcc/arm-none-eabi/4.9.3/../../../arm-none-eabi/lib/armv7-m/libnosys.a(_exit.o)
                              /usr/lib/gcc/arm-none-eabi/4.9.3/../../../arm-none-eabi/lib/armv7-m/libc_nano.a(lib_a-exit.o) (_exit)
/usr/lib/gcc/arm-none-eabi/4.9.3/armv7-m/libgcc.a(_arm_addsubdf3.o)
                              build/main.o (__aeabi_dsub)
/usr/lib/gcc/arm-none-eabi/4.9.3/armv7-m/libgcc.a(_arm_muldivdf3.o)
                              build/main.o (__aeabi_dmul)
/usr/lib/gcc/arm-none-eabi/4.9.3/armv7-m/libgcc.a(_arm_cmpdf2.o)
                              build/main.o (__aeabi_dcmplt)
/usr/lib/gcc/arm-none-eabi/4.9.3/armv7-m/libgcc.a(_arm_fixdfsi.o)
                              build/main.o (__aeabi_d2iz)
/usr/lib/gcc/arm-none-eabi/4.9.3/armv7-m/libgcc.a(_arm_truncdfsf2.o)
                              build/bldc.o (__aeabi_d2f)
/usr/lib/gcc/arm-none-eabi/4.9.3/armv7-m/libgcc.a(_arm_addsubsf3.o)
                              build/bldc.o (__aeabi_ui2f)
/usr/lib/gcc/arm-none-eabi/4.9.3/armv7-m/libgcc.a(_arm_muldivsf3.o)
                              build/bldc.o (__aeabi_fmul)
/usr/lib/gcc/arm-none-eabi/4.9.3/armv7-m/libgcc.a(_arm_cmpsf2.o)
                              build/main.o (__aeabi_fcmplt)

Allocating common symbols
Common symbol       size              file

hadc2               0x30              build/setup.o
hi2c2               0x54              build/setup.o
inactivity_timeout_counter
                    0x4               build/main.o
htim_right          0x40              build/setup.o
command             0x4               build/main.o
uwTick              0x4               build/stm32f1xx_hal.o
pFlash              0x20              build/stm32f1xx_hal_flash.o
uart_buf            0x64              build/comms.o
hdma_i2c2_rx        0x44              build/setup.o
hdma_i2c2_tx        0x44              build/setup.o
hadc1               0x30              build/setup.o
ch_buf              0x10              build/comms.o
button2             0x1               build/main.o
cmd2                0x4               build/main.o
steer               0x4               build/main.o
adc_buffer          0x14              build/setup.o
cmd3                0x4               build/main.o
speed               0x4               build/main.o
button1             0x1               build/main.o
htim_left           0x40              build/setup.o
TimHandle           0x40              build/control.o
i2cBuffer           0x2               build/control.o
cmd1                0x4               build/main.o

Discarded input sections

 .text          0x0000000000000000        0x0 /usr/lib/gcc/arm-none-eabi/4.9.3/armv7-m/crti.o
 .data          0x0000000000000000        0x0 /usr/lib/gcc/arm-none-eabi/4.9.3/armv7-m/crti.o
 .bss           0x0000000000000000        0x0 /usr/lib/gcc/arm-none-eabi/4.9.3/armv7-m/crti.o
 .data          0x0000000000000000        0x4 /usr/lib/gcc/arm-none-eabi/4.9.3/armv7-m/crtbegin.o
 .text          0x0000000000000000       0x68 /usr/lib/gcc/arm-none-eabi/4.9.3/../../../arm-none-eabi/lib/armv7-m/crt0.o
[...]
Memory Configuration

Name             Origin             Length             Attributes
RAM              0x0000000020000000 0x000000000000c000 xrw
FLASH            0x0000000008000000 0x0000000000040000 xr
*default*        0x0000000000000000 0xffffffffffffffff

Linker script and memory map

LOAD /usr/lib/gcc/arm-none-eabi/4.9.3/armv7-m/crti.o
LOAD /usr/lib/gcc/arm-none-eabi/4.9.3/armv7-m/crtbegin.o
LOAD /usr/lib/gcc/arm-none-eabi/4.9.3/../../../arm-none-eabi/lib/armv7-m/crt0.o
LOAD build/stm32f1xx_hal_flash.o
LOAD build/stm32f1xx_hal_pwr.o
LOAD build/stm32f1xx_hal_rcc.o
LOAD build/stm32f1xx_hal_tim.o
LOAD build/stm32f1xx_hal_tim_ex.o
LOAD build/stm32f1xx_hal_gpio_ex.o
LOAD build/stm32f1xx_hal_adc_ex.o
LOAD build/stm32f1xx_hal_cortex.o
LOAD build/stm32f1xx_hal_flash_ex.o
LOAD build/stm32f1xx_hal_gpio.o
LOAD build/stm32f1xx_hal_rcc_ex.o
LOAD build/stm32f1xx_hal.o
LOAD build/stm32f1xx_hal_adc.o
LOAD build/stm32f1xx_hal_uart.o
LOAD build/stm32f1xx_hal_i2c.o
LOAD build/stm32f1xx_hal_dma.o
LOAD build/system_stm32f1xx.o
LOAD build/setup.o
LOAD build/control.o
LOAD build/main.o
LOAD build/bldc.o
LOAD build/comms.o
LOAD build/stm32f1xx_it.o
LOAD build/startup_stm32f103xe.o
LOAD /usr/lib/gcc/arm-none-eabi/4.9.3/../../../arm-none-eabi/lib/armv7-m/libc_nano.a
LOAD /usr/lib/gcc/arm-none-eabi/4.9.3/../../../arm-none-eabi/lib/armv7-m/libm.a
LOAD /usr/lib/gcc/arm-none-eabi/4.9.3/../../../arm-none-eabi/lib/armv7-m/libnosys.a
START GROUP
LOAD /usr/lib/gcc/arm-none-eabi/4.9.3/armv7-m/libgcc.a
LOAD /usr/lib/gcc/arm-none-eabi/4.9.3/../../../arm-none-eabi/lib/armv7-m/libc_nano.a
END GROUP
START GROUP
LOAD /usr/lib/gcc/arm-none-eabi/4.9.3/armv7-m/libgcc.a
LOAD /usr/lib/gcc/arm-none-eabi/4.9.3/../../../arm-none-eabi/lib/armv7-m/libc_nano.a
END GROUP
LOAD /usr/lib/gcc/arm-none-eabi/4.9.3/armv7-m/crtend.o
LOAD /usr/lib/gcc/arm-none-eabi/4.9.3/armv7-m/crtn.o
                0x000000002000c000                _estack = 0x2000c000
                0x0000000000000200                _Min_Heap_Size = 0x200
                0x0000000000000400                _Min_Stack_Size = 0x400

.isr_vector     0x0000000008000000      0x1e4
                0x0000000008000000                . = ALIGN (0x4)
 *(.isr_vector)
 .isr_vector    0x0000000008000000      0x1e4 build/startup_stm32f103xe.o
                0x0000000008000000                g_pfnVectors
                0x00000000080001e4                . = ALIGN (0x4)

.text           0x00000000080001e8     0x3874
                0x00000000080001e8                . = ALIGN (0x4)
 *(.text)
 .text          0x00000000080001e8       0xa4 /usr/lib/gcc/arm-none-eabi/4.9.3/armv7-m/crtbegin.o
 .text          0x000000000800028c      0x370 /usr/lib/gcc/arm-none-eabi/4.9.3/armv7-m/libgcc.a(_arm_addsubdf3.o)
                0x000000000800028c                __aeabi_drsub
                0x0000000008000294                __aeabi_dsub
                0x0000000008000294                __subdf3
                0x0000000008000298                __adddf3
                0x0000000008000298                __aeabi_dadd
                0x0000000008000510                __aeabi_ui2d
                0x0000000008000510                __floatunsidf
                0x0000000008000530                __floatsidf
                0x0000000008000530                __aeabi_i2d
                0x0000000008000554                __extendsfdf2
                0x0000000008000554                __aeabi_f2d
                0x0000000008000590                __aeabi_ul2d
                0x0000000008000590                __floatundidf
                0x00000000080005a0                __floatdidf
                0x00000000080005a0                __aeabi_l2d
 .text          0x00000000080005fc      0x424 /usr/lib/gcc/arm-none-eabi/4.9.3/armv7-m/libgcc.a(_arm_muldivdf3.o)
                0x00000000080005fc                __aeabi_dmul
                0x00000000080005fc                __muldf3
                0x0000000008000850                __aeabi_ddiv
                0x0000000008000850                __divdf3
 .text          0x0000000008000a20      0x110 /usr/lib/gcc/arm-none-eabi/4.9.3/armv7-m/libgcc.a(_arm_cmpdf2.o)
                0x0000000008000a20                __gtdf2
                0x0000000008000a20                __gedf2
                0x0000000008000a28                __ltdf2
                0x0000000008000a28                __ledf2
                0x0000000008000a30                __cmpdf2
                0x0000000008000a30                __eqdf2
                0x0000000008000a30                __nedf2
                0x0000000008000aac                __aeabi_cdrcmple
                0x0000000008000abc                __aeabi_cdcmple
                0x0000000008000abc                __aeabi_cdcmpeq
                0x0000000008000acc                __aeabi_dcmpeq
                0x0000000008000ae0                __aeabi_dcmplt
                0x0000000008000af4                __aeabi_dcmple
                0x0000000008000b08                __aeabi_dcmpge
                0x0000000008000b1c                __aeabi_dcmpgt
 .text          0x0000000008000b30       0x50 /usr/lib/gcc/arm-none-eabi/4.9.3/armv7-m/libgcc.a(_arm_fixdfsi.o)
                0x0000000008000b30                __fixdfsi
                0x0000000008000b30                __aeabi_d2iz
 .text          0x0000000008000b80       0xa0 /usr/lib/gcc/arm-none-eabi/4.9.3/armv7-m/libgcc.a(_arm_truncdfsf2.o)
                0x0000000008000b80                __aeabi_d2f
                0x0000000008000b80                __truncdfsf2
 .text          0x0000000008000c20      0x21c /usr/lib/gcc/arm-none-eabi/4.9.3/armv7-m/libgcc.a(_arm_addsubsf3.o)
                0x0000000008000c20                __aeabi_frsub
                0x0000000008000c28                __subsf3
                0x0000000008000c28                __aeabi_fsub
                0x0000000008000c2c                __aeabi_fadd
                0x0000000008000c2c                __addsf3
                0x0000000008000d8c                __aeabi_ui2f
                0x0000000008000d8c                __floatunsisf
                0x0000000008000d94                __aeabi_i2f
                0x0000000008000d94                __floatsisf
                0x0000000008000db0                __floatundisf
                0x0000000008000db0                __aeabi_ul2f
                0x0000000008000dc0                __floatdisf
                0x0000000008000dc0                __aeabi_l2f
 .text          0x0000000008000e3c      0x2a0 /usr/lib/gcc/arm-none-eabi/4.9.3/armv7-m/libgcc.a(_arm_muldivsf3.o)
                0x0000000008000e3c                __mulsf3
                0x0000000008000e3c                __aeabi_fmul
                0x0000000008000fa4                __divsf3
                0x0000000008000fa4                __aeabi_fdiv
 .text          0x00000000080010dc       0xec /usr/lib/gcc/arm-none-eabi/4.9.3/armv7-m/libgcc.a(_arm_cmpsf2.o)
                0x00000000080010dc                __gtsf2
                0x00000000080010dc                __gesf2
                0x00000000080010e4                __lesf2
                0x00000000080010e4                __ltsf2
                0x00000000080010ec                __nesf2
                0x00000000080010ec                __eqsf2
                0x00000000080010ec                __cmpsf2
                0x000000000800114c                __aeabi_cfrcmple
                0x0000000008001154                __aeabi_cfcmple
                0x0000000008001154                __aeabi_cfcmpeq
                0x0000000008001164                __aeabi_fcmpeq
                0x0000000008001178                __aeabi_fcmplt
                0x000000000800118c                __aeabi_fcmple
                0x00000000080011a0                __aeabi_fcmpge
                0x00000000080011b4                __aeabi_fcmpgt
 *(.text*)
 .text.RCC_Delay
                0x00000000080011c8       0x2c build/stm32f1xx_hal_rcc.o
 .text.HAL_RCC_OscConfig
                0x00000000080011f4      0x400 build/stm32f1xx_hal_rcc.o
                0x00000000080011f4                HAL_RCC_OscConfig
 .text.HAL_RCC_GetSysClockFreq
                0x00000000080015f4       0x70 build/stm32f1xx_hal_rcc.o
                0x00000000080015f4                HAL_RCC_GetSysClockFreq
 .text.HAL_RCC_ClockConfig
                0x0000000008001664      0x184 build/stm32f1xx_hal_rcc.o
                0x0000000008001664                HAL_RCC_ClockConfig
 .text.HAL_RCC_GetHCLKFreq
                0x00000000080017e8        0xc build/stm32f1xx_hal_rcc.o
                0x00000000080017e8                HAL_RCC_GetHCLKFreq
 .text.TIM_OC1_SetConfig
                0x00000000080017f4       0x68 build/stm32f1xx_hal_tim.o
 .text.TIM_OC3_SetConfig
                0x000000000800185c       0x70 build/stm32f1xx_hal_tim.o
 .text.TIM_OC4_SetConfig
                0x00000000080018cc       0x50 build/stm32f1xx_hal_tim.o
 .text.TIM_TI1_ConfigInputStage
                0x000000000800191c       0x28 build/stm32f1xx_hal_tim.o
 .text.TIM_TI2_ConfigInputStage
                0x0000000008001944       0x28 build/stm32f1xx_hal_tim.o
 .text.TIM_ETR_SetConfig
                0x000000000800196c       0x18 build/stm32f1xx_hal_tim.o
 .text.TIM_SlaveTimer_SetConfig
                0x0000000008001984       0x78 build/stm32f1xx_hal_tim.o
 .text.HAL_TIM_PWM_MspInit
                0x00000000080019fc        0x4 build/stm32f1xx_hal_tim.o
                0x00000000080019fc                HAL_TIM_PWM_MspInit
 .text.HAL_TIM_SlaveConfigSynchronization
                0x0000000008001a00       0x40 build/stm32f1xx_hal_tim.o
                0x0000000008001a00                HAL_TIM_SlaveConfigSynchronization
 .text.TIM_Base_SetConfig
                0x0000000008001a40       0x98 build/stm32f1xx_hal_tim.o
                0x0000000008001a40                TIM_Base_SetConfig
 .text.HAL_TIM_PWM_Init
                0x0000000008001ad8       0x38 build/stm32f1xx_hal_tim.o
                0x0000000008001ad8                HAL_TIM_PWM_Init
 .text.TIM_OC2_SetConfig
                0x0000000008001b10       0x70 build/stm32f1xx_hal_tim.o
                0x0000000008001b10                TIM_OC2_SetConfig
 .text.HAL_TIM_PWM_ConfigChannel
                0x0000000008001b80       0xdc build/stm32f1xx_hal_tim.o
                0x0000000008001b80                HAL_TIM_PWM_ConfigChannel
 .text.TIM_CCxChannelCmd
                0x0000000008001c5c       0x1c build/stm32f1xx_hal_tim.o
                0x0000000008001c5c                TIM_CCxChannelCmd
 .text.HAL_TIM_PWM_Start
                0x0000000008001c78       0x44 build/stm32f1xx_hal_tim.o
                0x0000000008001c78                HAL_TIM_PWM_Start
 .text.TIM_CCxNChannelCmd
                0x0000000008001cbc       0x1c build/stm32f1xx_hal_tim_ex.o
 .text.HAL_TIMEx_PWMN_Start
                0x0000000008001cd8       0x24 build/stm32f1xx_hal_tim_ex.o
                0x0000000008001cd8                HAL_TIMEx_PWMN_Start
 .text.HAL_TIMEx_ConfigBreakDeadTime
                0x0000000008001cfc       0x54 build/stm32f1xx_hal_tim_ex.o
                0x0000000008001cfc                HAL_TIMEx_ConfigBreakDeadTime
 .text.HAL_TIMEx_MasterConfigSynchronization
                0x0000000008001d50       0x54 build/stm32f1xx_hal_tim_ex.o
                0x0000000008001d50                HAL_TIMEx_MasterConfigSynchronization
 .text.HAL_ADCEx_MultiModeConfigChannel
                0x0000000008001da4       0x6c build/stm32f1xx_hal_adc_ex.o
                0x0000000008001da4                HAL_ADCEx_MultiModeConfigChannel
 .text.HAL_NVIC_SetPriorityGrouping
                0x0000000008001e10       0x24 build/stm32f1xx_hal_cortex.o
                0x0000000008001e10                HAL_NVIC_SetPriorityGrouping
 .text.HAL_NVIC_SetPriority
                0x0000000008001e34       0x64 build/stm32f1xx_hal_cortex.o
                0x0000000008001e34                HAL_NVIC_SetPriority
 .text.HAL_NVIC_EnableIRQ
                0x0000000008001e98       0x18 build/stm32f1xx_hal_cortex.o
                0x0000000008001e98                HAL_NVIC_EnableIRQ
 .text.HAL_SYSTICK_Config
                0x0000000008001eb0       0x2c build/stm32f1xx_hal_cortex.o
                0x0000000008001eb0                HAL_SYSTICK_Config
 .text.HAL_SYSTICK_CLKSourceConfig
                0x0000000008001edc       0x20 build/stm32f1xx_hal_cortex.o
                0x0000000008001edc                HAL_SYSTICK_CLKSourceConfig
 .text.HAL_SYSTICK_Callback
                0x0000000008001efc        0x4 build/stm32f1xx_hal_cortex.o
                0x0000000008001efc                HAL_SYSTICK_Callback
 .text.HAL_SYSTICK_IRQHandler
                0x0000000008001f00        0x8 build/stm32f1xx_hal_cortex.o
                0x0000000008001f00                HAL_SYSTICK_IRQHandler
 .text.HAL_GPIO_Init
                0x0000000008001f08      0x1f4 build/stm32f1xx_hal_gpio.o
                0x0000000008001f08                HAL_GPIO_Init
 .text.HAL_GPIO_ReadPin
                0x00000000080020fc       0x10 build/stm32f1xx_hal_gpio.o
                0x00000000080020fc                HAL_GPIO_ReadPin
 .text.HAL_GPIO_WritePin
                0x000000000800210c        0xc build/stm32f1xx_hal_gpio.o
                0x000000000800210c                HAL_GPIO_WritePin
 .text.HAL_GPIO_TogglePin
                0x0000000008002118        0x8 build/stm32f1xx_hal_gpio.o
                0x0000000008002118                HAL_GPIO_TogglePin
 .text.HAL_RCCEx_PeriphCLKConfig
                0x0000000008002120      0x114 build/stm32f1xx_hal_rcc_ex.o
                0x0000000008002120                HAL_RCCEx_PeriphCLKConfig
 .text.HAL_MspInit
                0x0000000008002234        0x4 build/stm32f1xx_hal.o
                0x0000000008002234                HAL_MspInit
 .text.HAL_InitTick
                0x0000000008002238       0x2c build/stm32f1xx_hal.o
                0x0000000008002238                HAL_InitTick
 .text.HAL_Init
                0x0000000008002264       0x24 build/stm32f1xx_hal.o
                0x0000000008002264                HAL_Init
 .text.HAL_IncTick
                0x0000000008002288       0x10 build/stm32f1xx_hal.o
                0x0000000008002288                HAL_IncTick
 .text.HAL_GetTick
                0x0000000008002298        0xc build/stm32f1xx_hal.o
                0x0000000008002298                HAL_GetTick
 .text.HAL_Delay
                0x00000000080022a4       0x24 build/stm32f1xx_hal.o
                0x00000000080022a4                HAL_Delay
 .text.HAL_ADC_MspInit
                0x00000000080022c8        0x4 build/stm32f1xx_hal_adc.o
                0x00000000080022c8                HAL_ADC_MspInit
 .text.HAL_ADC_ConfigChannel
                0x00000000080022cc      0x12c build/stm32f1xx_hal_adc.o
                0x00000000080022cc                HAL_ADC_ConfigChannel
 .text.ADC_Enable
                0x00000000080023f8       0x80 build/stm32f1xx_hal_adc.o
                0x00000000080023f8                ADC_Enable
 .text.HAL_ADC_Start
                0x0000000008002478       0xf8 build/stm32f1xx_hal_adc.o
                0x0000000008002478                HAL_ADC_Start
 .text.ADC_ConversionStop_Disable
                0x0000000008002570       0x50 build/stm32f1xx_hal_adc.o
                0x0000000008002570                ADC_ConversionStop_Disable
 .text.HAL_ADC_Init
                0x00000000080025c0      0x128 build/stm32f1xx_hal_adc.o
                0x00000000080025c0                HAL_ADC_Init
 .text.SystemInit
                0x00000000080026e8       0x4c build/system_stm32f1xx.o
                0x00000000080026e8                SystemInit
 .text.MX_GPIO_Init
                0x0000000008002734      0x22c build/setup.o
                0x0000000008002734                MX_GPIO_Init
 .text.MX_TIM_Init
                0x0000000008002960      0x1f0 build/setup.o
                0x0000000008002960                MX_TIM_Init
 .text.MX_ADC1_Init
                0x0000000008002b50      0x12c build/setup.o
                0x0000000008002b50                MX_ADC1_Init
 .text.MX_ADC2_Init
                0x0000000008002c7c       0xb4 build/setup.o
                0x0000000008002c7c                MX_ADC2_Init
 .text.poweroff
                0x0000000008002d30       0x4c build/main.o
                0x0000000008002d30                poweroff
 .text.SystemClock_Config
                0x0000000008002d7c       0x74 build/main.o
                0x0000000008002d7c                SystemClock_Config
 .text.main     0x0000000008002df0      0x47c build/main.o
                0x0000000008002df0                main
 *fill*         0x000000000800326c        0x4 
 .text.DMA1_Channel1_IRQHandler
                0x0000000008003270      0x710 build/bldc.o
                0x0000000008003270                DMA1_Channel1_IRQHandler
 .text.NMI_Handler
                0x0000000008003980        0x4 build/stm32f1xx_it.o
                0x0000000008003980                NMI_Handler
 .text.HardFault_Handler
                0x0000000008003984        0x4 build/stm32f1xx_it.o
                0x0000000008003984                HardFault_Handler
 .text.MemManage_Handler
                0x0000000008003988        0x4 build/stm32f1xx_it.o
                0x0000000008003988                MemManage_Handler
 .text.BusFault_Handler
                0x000000000800398c        0x4 build/stm32f1xx_it.o
                0x000000000800398c                BusFault_Handler
 .text.UsageFault_Handler
                0x0000000008003990        0x4 build/stm32f1xx_it.o
                0x0000000008003990                UsageFault_Handler
 .text.SVC_Handler
                0x0000000008003994        0x4 build/stm32f1xx_it.o
                0x0000000008003994                SVC_Handler
 .text.DebugMon_Handler
                0x0000000008003998        0x4 build/stm32f1xx_it.o
                0x0000000008003998                DebugMon_Handler
 .text.PendSV_Handler
                0x000000000800399c        0x4 build/stm32f1xx_it.o
                0x000000000800399c                PendSV_Handler
 .text.SysTick_Handler
                0x00000000080039a0        0xc build/stm32f1xx_it.o
                0x00000000080039a0                SysTick_Handler
 .text.Reset_Handler
                0x00000000080039ac       0x48 build/startup_stm32f103xe.o
                0x00000000080039ac                Reset_Handler
 .text.Default_Handler
                0x00000000080039f4        0x2 build/startup_stm32f103xe.o
                0x00000000080039f4                RTC_Alarm_IRQHandler
                0x00000000080039f4                EXTI2_IRQHandler
                0x00000000080039f4                TIM8_TRG_COM_IRQHandler
                0x00000000080039f4                TIM8_CC_IRQHandler
                0x00000000080039f4                TIM1_CC_IRQHandler
                0x00000000080039f4                TIM6_IRQHandler
                0x00000000080039f4                PVD_IRQHandler
                0x00000000080039f4                SDIO_IRQHandler
                0x00000000080039f4                EXTI3_IRQHandler
                0x00000000080039f4                EXTI0_IRQHandler
                0x00000000080039f4                I2C2_EV_IRQHandler
                0x00000000080039f4                ADC1_2_IRQHandler
                0x00000000080039f4                SPI1_IRQHandler
                0x00000000080039f4                TAMPER_IRQHandler
                0x00000000080039f4                TIM8_UP_IRQHandler
                0x00000000080039f4                DMA2_Channel2_IRQHandler
                0x00000000080039f4                DMA1_Channel4_IRQHandler
                0x00000000080039f4                USART3_IRQHandler
                0x00000000080039f4                RTC_IRQHandler
                0x00000000080039f4                DMA1_Channel7_IRQHandler
                0x00000000080039f4                CAN1_RX1_IRQHandler
                0x00000000080039f4                UART5_IRQHandler
                0x00000000080039f4                ADC3_IRQHandler
                0x00000000080039f4                TIM4_IRQHandler
                0x00000000080039f4                DMA2_Channel1_IRQHandler
                0x00000000080039f4                I2C1_EV_IRQHandler
                0x00000000080039f4                DMA1_Channel6_IRQHandler
                0x00000000080039f4                UART4_IRQHandler
                0x00000000080039f4                TIM3_IRQHandler
                0x00000000080039f4                RCC_IRQHandler
                0x00000000080039f4                TIM1_TRG_COM_IRQHandler
                0x00000000080039f4                Default_Handler
                0x00000000080039f4                EXTI15_10_IRQHandler
                0x00000000080039f4                TIM7_IRQHandler
                0x00000000080039f4                TIM5_IRQHandler
                0x00000000080039f4                EXTI9_5_IRQHandler
                0x00000000080039f4                SPI2_IRQHandler
                0x00000000080039f4                DMA1_Channel5_IRQHandler
                0x00000000080039f4                EXTI4_IRQHandler
                0x00000000080039f4                USB_LP_CAN1_RX0_IRQHandler
                0x00000000080039f4                USB_HP_CAN1_TX_IRQHandler
                0x00000000080039f4                DMA1_Channel3_IRQHandler
                0x00000000080039f4                FSMC_IRQHandler
                0x00000000080039f4                TIM1_UP_IRQHandler
                0x00000000080039f4                WWDG_IRQHandler
                0x00000000080039f4                TIM2_IRQHandler
                0x00000000080039f4                TIM1_BRK_IRQHandler
                0x00000000080039f4                EXTI1_IRQHandler
                0x00000000080039f4                DMA2_Channel4_5_IRQHandler
                0x00000000080039f4                USART2_IRQHandler
                0x00000000080039f4                I2C2_ER_IRQHandler
                0x00000000080039f4                DMA1_Channel2_IRQHandler
                0x00000000080039f4                TIM8_BRK_IRQHandler
                0x00000000080039f4                CAN1_SCE_IRQHandler
                0x00000000080039f4                FLASH_IRQHandler
                0x00000000080039f4                USART1_IRQHandler
                0x00000000080039f4                SPI3_IRQHandler
                0x00000000080039f4                I2C1_ER_IRQHandler
                0x00000000080039f4                USBWakeUp_IRQHandler
                0x00000000080039f4                DMA2_Channel3_IRQHandler
 *fill*         0x00000000080039f6        0x2 
 .text.__libc_init_array
                0x00000000080039f8       0x4c /usr/lib/gcc/arm-none-eabi/4.9.3/../../../arm-none-eabi/lib/armv7-m/libc_nano.a(lib_a-init.o)
                0x00000000080039f8                __libc_init_array
 *(.glue_7)
 .glue_7        0x0000000008003a44        0x0 linker stubs
 *(.glue_7t)
 .glue_7t       0x0000000008003a44        0x0 linker stubs
 *(.eh_frame)
 .eh_frame      0x0000000008003a44        0x0 /usr/lib/gcc/arm-none-eabi/4.9.3/armv7-m/crtbegin.o
 *(.init)
 .init          0x0000000008003a44        0x4 /usr/lib/gcc/arm-none-eabi/4.9.3/armv7-m/crti.o
                0x0000000008003a44                _init
 .init          0x0000000008003a48        0x8 /usr/lib/gcc/arm-none-eabi/4.9.3/armv7-m/crtn.o
 *(.fini)
 .fini          0x0000000008003a50        0x4 /usr/lib/gcc/arm-none-eabi/4.9.3/armv7-m/crti.o
                0x0000000008003a50                _fini
 .fini          0x0000000008003a54        0x8 /usr/lib/gcc/arm-none-eabi/4.9.3/armv7-m/crtn.o
                0x0000000008003a5c                . = ALIGN (0x4)
                0x0000000008003a5c                _etext = .

.vfp11_veneer   0x0000000008003a5c        0x0
 .vfp11_veneer  0x0000000008003a5c        0x0 linker stubs

.v4_bx          0x0000000008003a5c        0x0
 .v4_bx         0x0000000008003a5c        0x0 linker stubs

.iplt           0x0000000008003a5c        0x0
 .iplt          0x0000000008003a5c        0x0 /usr/lib/gcc/arm-none-eabi/4.9.3/armv7-m/crtbegin.o

.rodata         0x0000000008003a5c       0x2c
                0x0000000008003a5c                . = ALIGN (0x4)
 *(.rodata)
 .rodata        0x0000000008003a5c       0x12 build/stm32f1xx_hal_rcc.o
 *(.rodata*)
 *fill*         0x0000000008003a6e        0x2 
 .rodata.AHBPrescTable
                0x0000000008003a70       0x10 build/system_stm32f1xx.o
                0x0000000008003a70                AHBPrescTable
 .rodata.hall_to_pos
                0x0000000008003a80        0x8 build/bldc.o
                0x0000000008003a80                hall_to_pos
                0x0000000008003a88                . = ALIGN (0x4)

.rel.dyn        0x0000000008003a88        0x0
 .rel.iplt      0x0000000008003a88        0x0 /usr/lib/gcc/arm-none-eabi/4.9.3/armv7-m/crtbegin.o

.ARM.extab
 *(.ARM.extab* .gnu.linkonce.armextab.*)

.ARM            0x0000000008003a88        0x0
                0x0000000008003a88                __exidx_start = .
 *(.ARM.exidx*)
                0x0000000008003a88                __exidx_end = .

.preinit_array  0x0000000008003a88        0x0
                0x0000000008003a88                PROVIDE (__preinit_array_start, .)
 *(.preinit_array*)
                0x0000000008003a88                PROVIDE (__preinit_array_end, .)

.init_array     0x0000000008003a88        0x4
                0x0000000008003a88                PROVIDE (__init_array_start, .)
 *(SORT(.init_array.*))
 *(.init_array*)
 .init_array    0x0000000008003a88        0x4 /usr/lib/gcc/arm-none-eabi/4.9.3/armv7-m/crtbegin.o
                0x0000000008003a8c                PROVIDE (__init_array_end, .)

.fini_array     0x0000000008003a8c        0x4
                0x0000000008003a8c                PROVIDE (__fini_array_start, .)
 *(SORT(.fini_array.*))
 *(.fini_array*)
 .fini_array    0x0000000008003a8c        0x4 /usr/lib/gcc/arm-none-eabi/4.9.3/armv7-m/crtbegin.o
                0x0000000008003a90                PROVIDE (__fini_array_end, .)
                0x0000000008003a90                _sidata = LOADADDR (.data)

.data           0x0000000020000000       0x24 load address 0x0000000008003a90
                0x0000000020000000                . = ALIGN (0x4)
                0x0000000020000000                _sdata = .
 *(.data)
 *(.data*)
 .data.SystemCoreClock
                0x0000000020000000        0x4 build/system_stm32f1xx.o
                0x0000000020000000                SystemCoreClock
 .data.timeout  0x0000000020000004        0x4 build/control.o
                0x0000000020000004                timeout
 .data.offsetrl2
                0x0000000020000008        0x4 build/bldc.o
                0x0000000020000008                offsetrl2
 .data.offsetrl1
                0x000000002000000c        0x4 build/bldc.o
                0x000000002000000c                offsetrl1
 .data.offsetrr2
                0x0000000020000010        0x4 build/bldc.o
                0x0000000020000010                offsetrr2
 .data.offsetrr1
                0x0000000020000014        0x4 build/bldc.o
                0x0000000020000014                offsetrr1
 .data.batteryVoltage
                0x0000000020000018        0x4 build/bldc.o
                0x0000000020000018                batteryVoltage
 .data.offsetdcl
                0x000000002000001c        0x4 build/bldc.o
                0x000000002000001c                offsetdcl
 .data.offsetdcr
                0x0000000020000020        0x4 build/bldc.o
                0x0000000020000020                offsetdcr
                0x0000000020000024                . = ALIGN (0x4)
                0x0000000020000024                _edata = .

.jcr            0x0000000020000024        0x0 load address 0x0000000008003ab4
 .jcr           0x0000000020000024        0x0 /usr/lib/gcc/arm-none-eabi/4.9.3/armv7-m/crtbegin.o

.tm_clone_table
                0x0000000020000024        0x0 load address 0x0000000008003ab4
 .tm_clone_table
                0x0000000020000024        0x0 /usr/lib/gcc/arm-none-eabi/4.9.3/armv7-m/crtbegin.o
 .tm_clone_table
                0x0000000020000024        0x0 /usr/lib/gcc/arm-none-eabi/4.9.3/armv7-m/crtend.o

.igot.plt       0x0000000020000024        0x0 load address 0x0000000008003ab4
 .igot.plt      0x0000000020000024        0x0 /usr/lib/gcc/arm-none-eabi/4.9.3/armv7-m/crtbegin.o
                0x0000000020000024                . = ALIGN (0x4)

.bss            0x0000000020000024      0x248 load address 0x0000000008003ab4
                0x0000000020000024                _sbss = .
                0x0000000020000024                __bss_start__ = _sbss
 *(.bss)
 .bss           0x0000000020000024       0x1c /usr/lib/gcc/arm-none-eabi/4.9.3/armv7-m/crtbegin.o
 *(.bss*)
 .bss.left_last_pos
                0x0000000020000040        0x1 build/main.o
                0x0000000020000040                left_last_pos
 .bss.right_last_pos
                0x0000000020000041        0x1 build/main.o
                0x0000000020000041                right_last_pos
 *fill*         0x0000000020000042        0x2 
 .bss.offsetcount
                0x0000000020000044        0x4 build/bldc.o
                0x0000000020000044                offsetcount
 .bss.buzzerPattern
                0x0000000020000048        0x4 build/bldc.o
                0x0000000020000048                buzzerPattern
 .bss.weakl     0x000000002000004c        0x4 build/bldc.o
                0x000000002000004c                weakl
 .bss.posl      0x0000000020000050        0x4 build/bldc.o
                0x0000000020000050                posl
 .bss.weakr     0x0000000020000054        0x4 build/bldc.o
                0x0000000020000054                weakr
 .bss.posr      0x0000000020000058        0x4 build/bldc.o
                0x0000000020000058                posr
 .bss.enable    0x000000002000005c        0x1 build/bldc.o
                0x000000002000005c                enable
 *fill*         0x000000002000005d        0x3 
 .bss.pwml      0x0000000020000060        0x4 build/bldc.o
                0x0000000020000060                pwml
 .bss.buzzerFreq
                0x0000000020000064        0x4 build/bldc.o
                0x0000000020000064                buzzerFreq
 .bss.pwmr      0x0000000020000068        0x4 build/bldc.o
                0x0000000020000068                pwmr
 .bss.buzzerTimer
                0x000000002000006c        0x4 build/bldc.o
                0x000000002000006c                buzzerTimer
 .bss.curl      0x0000000020000070        0x4 build/bldc.o
                0x0000000020000070                curl
 *(COMMON)
 COMMON         0x0000000020000074        0x4 build/stm32f1xx_hal.o
                0x0000000020000074                uwTick
 COMMON         0x0000000020000078      0x1d0 build/setup.o
                0x0000000020000078                hadc2
                0x00000000200000a8                hi2c2
                0x00000000200000fc                htim_right
                0x000000002000013c                hdma_i2c2_rx
                0x0000000020000180                hdma_i2c2_tx
                0x00000000200001c4                hadc1
                0x00000000200001f4                adc_buffer
                0x0000000020000208                htim_left
 COMMON         0x0000000020000248       0x24 build/main.o
                0x0000000020000248                inactivity_timeout_counter
                0x000000002000024c                command
                0x0000000020000250                button2
                0x0000000020000254                cmd2
                0x0000000020000258                steer
                0x000000002000025c                cmd3
                0x0000000020000260                speed
                0x0000000020000264                button1
                0x0000000020000268                cmd1
                0x000000002000026c                . = ALIGN (0x4)
                0x000000002000026c                _ebss = .
                0x000000002000026c                __bss_end__ = _ebss

._user_heap_stack
                0x000000002000026c      0x604 load address 0x0000000008003ab4
                0x0000000020000270                . = ALIGN (0x8)
 *fill*         0x000000002000026c        0x4 
                [!provide]                        PROVIDE (end, .)
                [!provide]                        PROVIDE (_end, .)
                0x0000000020000470                . = (. + _Min_Heap_Size)
 *fill*         0x0000000020000270      0x200 
                0x0000000020000870                . = (. + _Min_Stack_Size)
 *fill*         0x0000000020000470      0x400 
                0x0000000020000870                . = ALIGN (0x8)

/DISCARD/
 libc.a(*)
 libm.a(*)
 libgcc.a(*)

.ARM.attributes
                0x0000000000000000       0x29
 *(.ARM.attributes)
 .ARM.attributes
                0x0000000000000000       0x1d /usr/lib/gcc/arm-none-eabi/4.9.3/armv7-m/crti.o
 .ARM.attributes
                0x000000000000001d       0x2d /usr/lib/gcc/arm-none-eabi/4.9.3/armv7-m/crtbegin.o
 .ARM.attributes
                0x000000000000004a       0x33 build/stm32f1xx_hal_rcc.o
 .ARM.attributes
                0x000000000000007d       0x33 build/stm32f1xx_hal_tim.o
 .ARM.attributes
                0x00000000000000b0       0x33 build/stm32f1xx_hal_tim_ex.o
 .ARM.attributes
                0x00000000000000e3       0x33 build/stm32f1xx_hal_adc_ex.o
 .ARM.attributes
                0x0000000000000116       0x33 build/stm32f1xx_hal_cortex.o
 .ARM.attributes
                0x0000000000000149       0x33 build/stm32f1xx_hal_gpio.o
 .ARM.attributes
                0x000000000000017c       0x33 build/stm32f1xx_hal_rcc_ex.o
 .ARM.attributes
                0x00000000000001af       0x33 build/stm32f1xx_hal.o
 .ARM.attributes
                0x00000000000001e2       0x33 build/stm32f1xx_hal_adc.o
 .ARM.attributes
                0x0000000000000215       0x33 build/system_stm32f1xx.o
 .ARM.attributes
                0x0000000000000248       0x33 build/setup.o
 .ARM.attributes
                0x000000000000027b       0x33 build/control.o
 .ARM.attributes
                0x00000000000002ae       0x33 build/main.o
 .ARM.attributes
                0x00000000000002e1       0x33 build/bldc.o
 .ARM.attributes
                0x0000000000000314       0x33 build/stm32f1xx_it.o
 .ARM.attributes
                0x0000000000000347       0x21 build/startup_stm32f103xe.o
 .ARM.attributes
                0x0000000000000368       0x2d /usr/lib/gcc/arm-none-eabi/4.9.3/../../../arm-none-eabi/lib/armv7-m/libc_nano.a(lib_a-init.o)
 .ARM.attributes
                0x0000000000000395       0x1d /usr/lib/gcc/arm-none-eabi/4.9.3/armv7-m/libgcc.a(_arm_addsubdf3.o)
 .ARM.attributes
                0x00000000000003b2       0x1d /usr/lib/gcc/arm-none-eabi/4.9.3/armv7-m/libgcc.a(_arm_muldivdf3.o)
 .ARM.attributes
                0x00000000000003cf       0x1d /usr/lib/gcc/arm-none-eabi/4.9.3/armv7-m/libgcc.a(_arm_cmpdf2.o)
 .ARM.attributes
                0x00000000000003ec       0x1d /usr/lib/gcc/arm-none-eabi/4.9.3/armv7-m/libgcc.a(_arm_fixdfsi.o)
 .ARM.attributes
                0x0000000000000409       0x1d /usr/lib/gcc/arm-none-eabi/4.9.3/armv7-m/libgcc.a(_arm_truncdfsf2.o)
 .ARM.attributes
                0x0000000000000426       0x1d /usr/lib/gcc/arm-none-eabi/4.9.3/armv7-m/libgcc.a(_arm_addsubsf3.o)
 .ARM.attributes
                0x0000000000000443       0x1d /usr/lib/gcc/arm-none-eabi/4.9.3/armv7-m/libgcc.a(_arm_muldivsf3.o)
 .ARM.attributes
                0x0000000000000460       0x1d /usr/lib/gcc/arm-none-eabi/4.9.3/armv7-m/libgcc.a(_arm_cmpsf2.o)
 .ARM.attributes
                0x000000000000047d       0x2d /usr/lib/gcc/arm-none-eabi/4.9.3/armv7-m/crtend.o
 .ARM.attributes
                0x00000000000004aa       0x1d /usr/lib/gcc/arm-none-eabi/4.9.3/armv7-m/crtn.o
OUTPUT(build/hover.elf elf32-littlearm)

.comment        0x0000000000000000       0x70
 .comment       0x0000000000000000       0x38 /usr/lib/gcc/arm-none-eabi/4.9.3/armv7-m/crtbegin.o
                                         0x39 (size before relaxing)
 .comment       0x0000000000000038       0x39 build/stm32f1xx_hal_rcc.o
 .comment       0x0000000000000038       0x39 build/stm32f1xx_hal_tim.o
 .comment       0x0000000000000038       0x39 build/stm32f1xx_hal_tim_ex.o
 .comment       0x0000000000000038       0x39 build/stm32f1xx_hal_adc_ex.o
 .comment       0x0000000000000038       0x39 build/stm32f1xx_hal_cortex.o
 .comment       0x0000000000000038       0x39 build/stm32f1xx_hal_gpio.o
 .comment       0x0000000000000038       0x39 build/stm32f1xx_hal_rcc_ex.o
 .comment       0x0000000000000038       0x39 build/stm32f1xx_hal.o
 .comment       0x0000000000000038       0x39 build/stm32f1xx_hal_adc.o
 .comment       0x0000000000000038       0x39 build/system_stm32f1xx.o
 .comment       0x0000000000000038       0x39 build/setup.o
 .comment       0x0000000000000038       0x39 build/control.o
 .comment       0x0000000000000038       0x39 build/main.o
 .comment       0x0000000000000038       0x39 build/bldc.o
 .comment       0x0000000000000038       0x39 build/stm32f1xx_it.o
 .comment       0x0000000000000038       0x38 /usr/lib/gcc/arm-none-eabi/4.9.3/../../../arm-none-eabi/lib/armv7-m/libc_nano.a(lib_a-init.o)
                                         0x39 (size before relaxing)
 .comment       0x0000000000000070       0x39 /usr/lib/gcc/arm-none-eabi/4.9.3/armv7-m/crtend.o

.debug_info     0x0000000000000000     0xdd92
 .debug_info    0x0000000000000000      0xa2c build/stm32f1xx_hal_rcc.o
 .debug_info    0x0000000000000a2c     0x3104 build/stm32f1xx_hal_tim.o
 .debug_info    0x0000000000003b30     0x1429 build/stm32f1xx_hal_tim_ex.o
 .debug_info    0x0000000000004f59      0xbf2 build/stm32f1xx_hal_adc_ex.o
 .debug_info    0x0000000000005b4b      0xd21 build/stm32f1xx_hal_cortex.o
 .debug_info    0x000000000000686c      0x662 build/stm32f1xx_hal_gpio.o
 .debug_info    0x0000000000006ece      0x47e build/stm32f1xx_hal_rcc_ex.o
 .debug_info    0x000000000000734c      0x789 build/stm32f1xx_hal.o
 .debug_info    0x0000000000007ad5      0xeee build/stm32f1xx_hal_adc.o
 .debug_info    0x00000000000089c3      0x419 build/system_stm32f1xx.o
 .debug_info    0x0000000000008ddc     0x1f12 build/setup.o
 .debug_info    0x000000000000acee      0xb1a build/control.o
 .debug_info    0x000000000000b808     0x12dd build/main.o
 .debug_info    0x000000000000cae5      0x9c6 build/bldc.o
 .debug_info    0x000000000000d4ab      0x199 build/stm32f1xx_it.o
 .debug_info    0x000000000000d644       0x79 build/startup_stm32f103xe.o
 .debug_info    0x000000000000d6bd      0x105 /usr/lib/gcc/arm-none-eabi/4.9.3/../../../arm-none-eabi/lib/armv7-m/libc_nano.a(lib_a-init.o)
 .debug_info    0x000000000000d7c2       0xba /usr/lib/gcc/arm-none-eabi/4.9.3/armv7-m/libgcc.a(_arm_addsubdf3.o)
 .debug_info    0x000000000000d87c       0xba /usr/lib/gcc/arm-none-eabi/4.9.3/armv7-m/libgcc.a(_arm_muldivdf3.o)
 .debug_info    0x000000000000d936       0xba /usr/lib/gcc/arm-none-eabi/4.9.3/armv7-m/libgcc.a(_arm_cmpdf2.o)
 .debug_info    0x000000000000d9f0       0xba /usr/lib/gcc/arm-none-eabi/4.9.3/armv7-m/libgcc.a(_arm_fixdfsi.o)
 .debug_info    0x000000000000daaa       0xba /usr/lib/gcc/arm-none-eabi/4.9.3/armv7-m/libgcc.a(_arm_truncdfsf2.o)
 .debug_info    0x000000000000db64       0xba /usr/lib/gcc/arm-none-eabi/4.9.3/armv7-m/libgcc.a(_arm_addsubsf3.o)
 .debug_info    0x000000000000dc1e       0xba /usr/lib/gcc/arm-none-eabi/4.9.3/armv7-m/libgcc.a(_arm_muldivsf3.o)
 .debug_info    0x000000000000dcd8       0xba /usr/lib/gcc/arm-none-eabi/4.9.3/armv7-m/libgcc.a(_arm_cmpsf2.o)

.debug_abbrev   0x0000000000000000     0x2098
 .debug_abbrev  0x0000000000000000      0x295 build/stm32f1xx_hal_rcc.o
 .debug_abbrev  0x0000000000000295      0x29b build/stm32f1xx_hal_tim.o
 .debug_abbrev  0x0000000000000530      0x261 build/stm32f1xx_hal_tim_ex.o
 .debug_abbrev  0x0000000000000791      0x261 build/stm32f1xx_hal_adc_ex.o
 .debug_abbrev  0x00000000000009f2      0x2bf build/stm32f1xx_hal_cortex.o
 .debug_abbrev  0x0000000000000cb1      0x200 build/stm32f1xx_hal_gpio.o
 .debug_abbrev  0x0000000000000eb1      0x1b5 build/stm32f1xx_hal_rcc_ex.o
 .debug_abbrev  0x0000000000001066      0x225 build/stm32f1xx_hal.o
 .debug_abbrev  0x000000000000128b      0x252 build/stm32f1xx_hal_adc.o
 .debug_abbrev  0x00000000000014dd      0x122 build/system_stm32f1xx.o
 .debug_abbrev  0x00000000000015ff      0x1f8 build/setup.o
 .debug_abbrev  0x00000000000017f7      0x1ad build/control.o
 .debug_abbrev  0x00000000000019a4      0x2c4 build/main.o
 .debug_abbrev  0x0000000000001c68      0x225 build/bldc.o
 .debug_abbrev  0x0000000000001e8d       0x9f build/stm32f1xx_it.o
 .debug_abbrev  0x0000000000001f2c       0x12 build/startup_stm32f103xe.o
 .debug_abbrev  0x0000000000001f3e       0xba /usr/lib/gcc/arm-none-eabi/4.9.3/../../../arm-none-eabi/lib/armv7-m/libc_nano.a(lib_a-init.o)
 .debug_abbrev  0x0000000000001ff8       0x14 /usr/lib/gcc/arm-none-eabi/4.9.3/armv7-m/libgcc.a(_arm_addsubdf3.o)
 .debug_abbrev  0x000000000000200c       0x14 /usr/lib/gcc/arm-none-eabi/4.9.3/armv7-m/libgcc.a(_arm_muldivdf3.o)
 .debug_abbrev  0x0000000000002020       0x14 /usr/lib/gcc/arm-none-eabi/4.9.3/armv7-m/libgcc.a(_arm_cmpdf2.o)
 .debug_abbrev  0x0000000000002034       0x14 /usr/lib/gcc/arm-none-eabi/4.9.3/armv7-m/libgcc.a(_arm_fixdfsi.o)
 .debug_abbrev  0x0000000000002048       0x14 /usr/lib/gcc/arm-none-eabi/4.9.3/armv7-m/libgcc.a(_arm_truncdfsf2.o)
 .debug_abbrev  0x000000000000205c       0x14 /usr/lib/gcc/arm-none-eabi/4.9.3/armv7-m/libgcc.a(_arm_addsubsf3.o)
 .debug_abbrev  0x0000000000002070       0x14 /usr/lib/gcc/arm-none-eabi/4.9.3/armv7-m/libgcc.a(_arm_muldivsf3.o)
 .debug_abbrev  0x0000000000002084       0x14 /usr/lib/gcc/arm-none-eabi/4.9.3/armv7-m/libgcc.a(_arm_cmpsf2.o)

.debug_loc      0x0000000000000000     0x8db9
 .debug_loc     0x0000000000000000      0x633 build/stm32f1xx_hal_rcc.o
 .debug_loc     0x0000000000000633     0x3d94 build/stm32f1xx_hal_tim.o
 .debug_loc     0x00000000000043c7     0x1236 build/stm32f1xx_hal_tim_ex.o
 .debug_loc     0x00000000000055fd      0x9ce build/stm32f1xx_hal_adc_ex.o
 .debug_loc     0x0000000000005fcb      0x545 build/stm32f1xx_hal_cortex.o
 .debug_loc     0x0000000000006510      0x3e1 build/stm32f1xx_hal_gpio.o
 .debug_loc     0x00000000000068f1      0x372 build/stm32f1xx_hal_rcc_ex.o
 .debug_loc     0x0000000000006c63      0x101 build/stm32f1xx_hal.o
 .debug_loc     0x0000000000006d64      0xbd1 build/stm32f1xx_hal_adc.o
 .debug_loc     0x0000000000007935       0xe4 build/system_stm32f1xx.o
 .debug_loc     0x0000000000007a19      0x11b build/setup.o
 .debug_loc     0x0000000000007b34       0x70 build/control.o
 .debug_loc     0x0000000000007ba4      0x24d build/main.o
 .debug_loc     0x0000000000007df1      0xf60 build/bldc.o
 .debug_loc     0x0000000000008d51       0x20 build/stm32f1xx_it.o
 .debug_loc     0x0000000000008d71       0x48 /usr/lib/gcc/arm-none-eabi/4.9.3/../../../arm-none-eabi/lib/armv7-m/libc_nano.a(lib_a-init.o)

.debug_aranges  0x0000000000000000      0xaf8
 .debug_aranges
                0x0000000000000000       0x90 build/stm32f1xx_hal_rcc.o
 .debug_aranges
                0x0000000000000090      0x368 build/stm32f1xx_hal_tim.o
 .debug_aranges
                0x00000000000003f8      0x138 build/stm32f1xx_hal_tim_ex.o
 .debug_aranges
                0x0000000000000530       0x80 build/stm32f1xx_hal_adc_ex.o
 .debug_aranges
                0x00000000000005b0       0x90 build/stm32f1xx_hal_cortex.o
 .debug_aranges
                0x0000000000000640       0x58 build/stm32f1xx_hal_gpio.o
 .debug_aranges
                0x0000000000000698       0x30 build/stm32f1xx_hal_rcc_ex.o
 .debug_aranges
                0x00000000000006c8       0xb8 build/stm32f1xx_hal.o
 .debug_aranges
                0x0000000000000780       0xf0 build/stm32f1xx_hal_adc.o
 .debug_aranges
                0x0000000000000870       0x28 build/system_stm32f1xx.o
 .debug_aranges
                0x0000000000000898       0x40 build/setup.o
 .debug_aranges
                0x00000000000008d8       0x28 build/control.o
 .debug_aranges
                0x0000000000000900       0x30 build/main.o
 .debug_aranges
                0x0000000000000930       0x20 build/bldc.o
 .debug_aranges
                0x0000000000000950       0x60 build/stm32f1xx_it.o
 .debug_aranges
                0x00000000000009b0       0x28 build/startup_stm32f103xe.o
 .debug_aranges
                0x00000000000009d8       0x20 /usr/lib/gcc/arm-none-eabi/4.9.3/../../../arm-none-eabi/lib/armv7-m/libc_nano.a(lib_a-init.o)
 .debug_aranges
                0x00000000000009f8       0x20 /usr/lib/gcc/arm-none-eabi/4.9.3/armv7-m/libgcc.a(_arm_addsubdf3.o)
 .debug_aranges
                0x0000000000000a18       0x20 /usr/lib/gcc/arm-none-eabi/4.9.3/armv7-m/libgcc.a(_arm_muldivdf3.o)
 .debug_aranges
                0x0000000000000a38       0x20 /usr/lib/gcc/arm-none-eabi/4.9.3/armv7-m/libgcc.a(_arm_cmpdf2.o)
 .debug_aranges
                0x0000000000000a58       0x20 /usr/lib/gcc/arm-none-eabi/4.9.3/armv7-m/libgcc.a(_arm_fixdfsi.o)
 .debug_aranges
                0x0000000000000a78       0x20 /usr/lib/gcc/arm-none-eabi/4.9.3/armv7-m/libgcc.a(_arm_truncdfsf2.o)
 .debug_aranges
                0x0000000000000a98       0x20 /usr/lib/gcc/arm-none-eabi/4.9.3/armv7-m/libgcc.a(_arm_addsubsf3.o)
 .debug_aranges
                0x0000000000000ab8       0x20 /usr/lib/gcc/arm-none-eabi/4.9.3/armv7-m/libgcc.a(_arm_muldivsf3.o)
 .debug_aranges
                0x0000000000000ad8       0x20 /usr/lib/gcc/arm-none-eabi/4.9.3/armv7-m/libgcc.a(_arm_cmpsf2.o)

.debug_ranges   0x0000000000000000      0x9b0
 .debug_ranges  0x0000000000000000       0x98 build/stm32f1xx_hal_rcc.o
 .debug_ranges  0x0000000000000098      0x358 build/stm32f1xx_hal_tim.o
 .debug_ranges  0x00000000000003f0      0x128 build/stm32f1xx_hal_tim_ex.o
 .debug_ranges  0x0000000000000518       0x70 build/stm32f1xx_hal_adc_ex.o
 .debug_ranges  0x0000000000000588       0x80 build/stm32f1xx_hal_cortex.o
 .debug_ranges  0x0000000000000608       0x48 build/stm32f1xx_hal_gpio.o
 .debug_ranges  0x0000000000000650       0x38 build/stm32f1xx_hal_rcc_ex.o
 .debug_ranges  0x0000000000000688       0xa8 build/stm32f1xx_hal.o
 .debug_ranges  0x0000000000000730       0xe0 build/stm32f1xx_hal_adc.o
 .debug_ranges  0x0000000000000810       0x18 build/system_stm32f1xx.o
 .debug_ranges  0x0000000000000828       0x30 build/setup.o
 .debug_ranges  0x0000000000000858       0x18 build/control.o
 .debug_ranges  0x0000000000000870       0x50 build/main.o
 .debug_ranges  0x00000000000008c0       0x70 build/bldc.o
 .debug_ranges  0x0000000000000930       0x50 build/stm32f1xx_it.o
 .debug_ranges  0x0000000000000980       0x20 build/startup_stm32f103xe.o
 .debug_ranges  0x00000000000009a0       0x10 /usr/lib/gcc/arm-none-eabi/4.9.3/../../../arm-none-eabi/lib/armv7-m/libc_nano.a(lib_a-init.o)

.debug_line     0x0000000000000000     0x4a78
 .debug_line    0x0000000000000000      0x47f build/stm32f1xx_hal_rcc.o
 .debug_line    0x000000000000047f     0x1150 build/stm32f1xx_hal_tim.o
 .debug_line    0x00000000000015cf      0x70b build/stm32f1xx_hal_tim_ex.o
 .debug_line    0x0000000000001cda      0x53a build/stm32f1xx_hal_adc_ex.o
 .debug_line    0x0000000000002214      0x2b5 build/stm32f1xx_hal_cortex.o
 .debug_line    0x00000000000024c9      0x302 build/stm32f1xx_hal_gpio.o
 .debug_line    0x00000000000027cb      0x25a build/stm32f1xx_hal_rcc_ex.o
 .debug_line    0x0000000000002a25      0x2db build/stm32f1xx_hal.o
 .debug_line    0x0000000000002d00      0x6c7 build/stm32f1xx_hal_adc.o
 .debug_line    0x00000000000033c7      0x13a build/system_stm32f1xx.o
 .debug_line    0x0000000000003501      0x365 build/setup.o
 .debug_line    0x0000000000003866      0x1a5 build/control.o
 .debug_line    0x0000000000003a0b      0x316 build/main.o
 .debug_line    0x0000000000003d21      0x2c9 build/bldc.o
 .debug_line    0x0000000000003fea      0x1a0 build/stm32f1xx_it.o
 .debug_line    0x000000000000418a       0x72 build/startup_stm32f103xe.o
 .debug_line    0x00000000000041fc       0xb7 /usr/lib/gcc/arm-none-eabi/4.9.3/../../../arm-none-eabi/lib/armv7-m/libc_nano.a(lib_a-init.o)
 .debug_line    0x00000000000042b3      0x176 /usr/lib/gcc/arm-none-eabi/4.9.3/armv7-m/libgcc.a(_arm_addsubdf3.o)
 .debug_line    0x0000000000004429      0x19a /usr/lib/gcc/arm-none-eabi/4.9.3/armv7-m/libgcc.a(_arm_muldivdf3.o)
 .debug_line    0x00000000000045c3       0xb7 /usr/lib/gcc/arm-none-eabi/4.9.3/armv7-m/libgcc.a(_arm_cmpdf2.o)
 .debug_line    0x000000000000467a       0x77 /usr/lib/gcc/arm-none-eabi/4.9.3/armv7-m/libgcc.a(_arm_fixdfsi.o)
 .debug_line    0x00000000000046f1       0x8b /usr/lib/gcc/arm-none-eabi/4.9.3/armv7-m/libgcc.a(_arm_truncdfsf2.o)
 .debug_line    0x000000000000477c      0x117 /usr/lib/gcc/arm-none-eabi/4.9.3/armv7-m/libgcc.a(_arm_addsubsf3.o)
 .debug_line    0x0000000000004893      0x13a /usr/lib/gcc/arm-none-eabi/4.9.3/armv7-m/libgcc.a(_arm_muldivsf3.o)
 .debug_line    0x00000000000049cd       0xab /usr/lib/gcc/arm-none-eabi/4.9.3/armv7-m/libgcc.a(_arm_cmpsf2.o)

.debug_str      0x0000000000000000     0x3727
 .debug_str     0x0000000000000000      0x5a5 build/stm32f1xx_hal_rcc.o
                                        0x625 (size before relaxing)
 .debug_str     0x00000000000005a5     0x10e0 build/stm32f1xx_hal_tim.o
                                       0x133f (size before relaxing)
 .debug_str     0x0000000000001685      0x4ee build/stm32f1xx_hal_tim_ex.o
                                        0xbe1 (size before relaxing)
 .debug_str     0x0000000000001b73      0x432 build/stm32f1xx_hal_adc_ex.o
                                        0x85a (size before relaxing)
 .debug_str     0x0000000000001fa5      0x6f3 build/stm32f1xx_hal_cortex.o
                                        0x999 (size before relaxing)
 .debug_str     0x0000000000002698      0x180 build/stm32f1xx_hal_gpio.o
                                        0x410 (size before relaxing)
 .debug_str     0x0000000000002818      0x133 build/stm32f1xx_hal_rcc_ex.o
                                        0x41b (size before relaxing)
 .debug_str     0x000000000000294b      0x1b3 build/stm32f1xx_hal.o
                                        0x83d (size before relaxing)
 .debug_str     0x0000000000002afe      0x2a4 build/stm32f1xx_hal_adc.o
                                        0x8b9 (size before relaxing)
 .debug_str     0x0000000000002da2       0x4a build/system_stm32f1xx.o
                                        0x2b7 (size before relaxing)
 .debug_str     0x0000000000002dec      0x3ea build/setup.o
                                       0x11dc (size before relaxing)
 .debug_str     0x00000000000031d6       0x8d build/control.o
                                        0x8d2 (size before relaxing)
 .debug_str     0x0000000000003263      0x199 build/main.o
                                        0xe19 (size before relaxing)
 .debug_str     0x00000000000033fc       0xef build/bldc.o
                                        0x421 (size before relaxing)
 .debug_str     0x00000000000034eb       0xa3 build/stm32f1xx_it.o
                                        0x23e (size before relaxing)
 .debug_str     0x000000000000358e      0x199 /usr/lib/gcc/arm-none-eabi/4.9.3/../../../arm-none-eabi/lib/armv7-m/libc_nano.a(lib_a-init.o)
                                        0x231 (size before relaxing)

.debug_frame    0x0000000000000000     0x1cd0
 .debug_frame   0x0000000000000000      0x180 build/stm32f1xx_hal_rcc.o
 .debug_frame   0x0000000000000180      0xafc build/stm32f1xx_hal_tim.o
 .debug_frame   0x0000000000000c7c      0x420 build/stm32f1xx_hal_tim_ex.o
 .debug_frame   0x000000000000109c      0x1e0 build/stm32f1xx_hal_adc_ex.o
 .debug_frame   0x000000000000127c      0x138 build/stm32f1xx_hal_cortex.o
 .debug_frame   0x00000000000013b4       0xd4 build/stm32f1xx_hal_gpio.o
 .debug_frame   0x0000000000001488       0x70 build/stm32f1xx_hal_rcc_ex.o
 .debug_frame   0x00000000000014f8      0x188 build/stm32f1xx_hal.o
 .debug_frame   0x0000000000001680      0x32c build/stm32f1xx_hal_adc.o
 .debug_frame   0x00000000000019ac       0x30 build/system_stm32f1xx.o
 .debug_frame   0x00000000000019dc      0x104 build/setup.o
 .debug_frame   0x0000000000001ae0       0x5c build/control.o
 .debug_frame   0x0000000000001b3c       0x84 build/main.o
 .debug_frame   0x0000000000001bc0       0x38 build/bldc.o
 .debug_frame   0x0000000000001bf8       0xac build/stm32f1xx_it.o
 .debug_frame   0x0000000000001ca4       0x2c /usr/lib/gcc/arm-none-eabi/4.9.3/../../../arm-none-eabi/lib/armv7-m/libc_nano.a(lib_a-init.o)

Cross Reference Table

Symbol                                            File
ADC1_2_IRQHandler                                 build/startup_stm32f103xe.o
ADC3_IRQHandler                                   build/startup_stm32f103xe.o
ADC_ConversionStop_Disable                        build/stm32f1xx_hal_adc.o
                                                  build/stm32f1xx_hal_adc_ex.o
ADC_DMAConvCplt                                   build/stm32f1xx_hal_adc.o
                                                  build/stm32f1xx_hal_adc_ex.o
ADC_DMAError                                      build/stm32f1xx_hal_adc.o
                                                  build/stm32f1xx_hal_adc_ex.o
ADC_DMAHalfConvCplt                               build/stm32f1xx_hal_adc.o
                                                  build/stm32f1xx_hal_adc_ex.o
ADC_Enable                                        build/stm32f1xx_hal_adc.o
                                                  build/stm32f1xx_hal_adc_ex.o
AHBPrescTable                                     build/system_stm32f1xx.o
                                                  build/stm32f1xx_hal_rcc.o
APBPrescTable                                     build/system_stm32f1xx.o
                                                  build/stm32f1xx_hal_rcc.o
BusFault_Handler                                  build/stm32f1xx_it.o
CAN1_RX1_IRQHandler                               build/startup_stm32f103xe.o
CAN1_SCE_IRQHandler                               build/startup_stm32f103xe.o
DMA1_Channel1_IRQHandler                          build/bldc.o
DMA1_Channel2_IRQHandler                          build/startup_stm32f103xe.o
DMA1_Channel3_IRQHandler                          build/startup_stm32f103xe.o
DMA1_Channel4_IRQHandler                          build/startup_stm32f103xe.o
DMA1_Channel5_IRQHandler                          build/startup_stm32f103xe.o
DMA1_Channel6_IRQHandler                          build/startup_stm32f103xe.o
DMA1_Channel7_IRQHandler                          build/startup_stm32f103xe.o
DMA2_Channel1_IRQHandler                          build/startup_stm32f103xe.o
DMA2_Channel2_IRQHandler                          build/startup_stm32f103xe.o
DMA2_Channel3_IRQHandler                          build/startup_stm32f103xe.o
DMA2_Channel4_5_IRQHandler                        build/startup_stm32f103xe.o
DebugMon_Handler                                  build/stm32f1xx_it.o
Default_Handler                                   build/startup_stm32f103xe.o
EXTI0_IRQHandler                                  build/startup_stm32f103xe.o
EXTI15_10_IRQHandler                              build/startup_stm32f103xe.o
EXTI1_IRQHandler                                  build/startup_stm32f103xe.o
EXTI2_IRQHandler                                  build/startup_stm32f103xe.o
EXTI3_IRQHandler                                  build/startup_stm32f103xe.o
EXTI4_IRQHandler                                  build/startup_stm32f103xe.o
EXTI9_5_IRQHandler                                build/startup_stm32f103xe.o
FLASH_IRQHandler                                  build/startup_stm32f103xe.o
FLASH_PageErase                                   build/stm32f1xx_hal_flash_ex.o
                                                  build/stm32f1xx_hal_flash.o
FLASH_WaitForLastOperation                        build/stm32f1xx_hal_flash.o
                                                  build/stm32f1xx_hal_flash_ex.o
FSMC_IRQHandler                                   build/startup_stm32f103xe.o
HAL_ADCEx_Calibration_Start                       build/stm32f1xx_hal_adc_ex.o
HAL_ADCEx_InjectedConfigChannel                   build/stm32f1xx_hal_adc_ex.o
HAL_ADCEx_InjectedConvCpltCallback                build/stm32f1xx_hal_adc_ex.o
                                                  build/stm32f1xx_hal_adc.o
HAL_ADCEx_InjectedGetValue                        build/stm32f1xx_hal_adc_ex.o
HAL_ADCEx_InjectedPollForConversion               build/stm32f1xx_hal_adc_ex.o
HAL_ADCEx_InjectedStart                           build/stm32f1xx_hal_adc_ex.o
HAL_ADCEx_InjectedStart_IT                        build/stm32f1xx_hal_adc_ex.o
HAL_ADCEx_InjectedStop                            build/stm32f1xx_hal_adc_ex.o
HAL_ADCEx_InjectedStop_IT                         build/stm32f1xx_hal_adc_ex.o
HAL_ADCEx_MultiModeConfigChannel                  build/stm32f1xx_hal_adc_ex.o
                                                  build/setup.o
HAL_ADCEx_MultiModeGetValue                       build/stm32f1xx_hal_adc_ex.o
HAL_ADCEx_MultiModeStart_DMA                      build/stm32f1xx_hal_adc_ex.o
HAL_ADCEx_MultiModeStop_DMA                       build/stm32f1xx_hal_adc_ex.o
HAL_ADC_AnalogWDGConfig                           build/stm32f1xx_hal_adc.o
HAL_ADC_ConfigChannel                             build/stm32f1xx_hal_adc.o
                                                  build/setup.o
HAL_ADC_ConvCpltCallback                          build/stm32f1xx_hal_adc.o
HAL_ADC_ConvHalfCpltCallback                      build/stm32f1xx_hal_adc.o
HAL_ADC_DeInit                                    build/stm32f1xx_hal_adc.o
HAL_ADC_ErrorCallback                             build/stm32f1xx_hal_adc.o
HAL_ADC_GetError                                  build/stm32f1xx_hal_adc.o
HAL_ADC_GetState                                  build/stm32f1xx_hal_adc.o
HAL_ADC_GetValue                                  build/stm32f1xx_hal_adc.o
HAL_ADC_IRQHandler                                build/stm32f1xx_hal_adc.o
HAL_ADC_Init                                      build/stm32f1xx_hal_adc.o
                                                  build/setup.o
HAL_ADC_LevelOutOfWindowCallback                  build/stm32f1xx_hal_adc.o
HAL_ADC_MspDeInit                                 build/stm32f1xx_hal_adc.o
HAL_ADC_MspInit                                   build/stm32f1xx_hal_adc.o
HAL_ADC_PollForConversion                         build/stm32f1xx_hal_adc.o
HAL_ADC_PollForEvent                              build/stm32f1xx_hal_adc.o
HAL_ADC_Start                                     build/stm32f1xx_hal_adc.o
                                                  build/main.o
HAL_ADC_Start_DMA                                 build/stm32f1xx_hal_adc.o
HAL_ADC_Start_IT                                  build/stm32f1xx_hal_adc.o
HAL_ADC_Stop                                      build/stm32f1xx_hal_adc.o
HAL_ADC_Stop_DMA                                  build/stm32f1xx_hal_adc.o
HAL_ADC_Stop_IT                                   build/stm32f1xx_hal_adc.o
HAL_DBGMCU_DisableDBGSleepMode                    build/stm32f1xx_hal.o
HAL_DBGMCU_DisableDBGStandbyMode                  build/stm32f1xx_hal.o
HAL_DBGMCU_DisableDBGStopMode                     build/stm32f1xx_hal.o
HAL_DBGMCU_EnableDBGSleepMode                     build/stm32f1xx_hal.o
HAL_DBGMCU_EnableDBGStandbyMode                   build/stm32f1xx_hal.o
HAL_DBGMCU_EnableDBGStopMode                      build/stm32f1xx_hal.o
HAL_DMA_Abort                                     build/stm32f1xx_hal_dma.o
                                                  build/stm32f1xx_hal_uart.o
                                                  build/stm32f1xx_hal_adc.o
                                                  build/stm32f1xx_hal_adc_ex.o
                                                  build/stm32f1xx_hal_tim.o
HAL_DMA_Abort_IT                                  build/stm32f1xx_hal_dma.o
                                                  build/stm32f1xx_hal_i2c.o
                                                  build/stm32f1xx_hal_uart.o
HAL_DMA_DeInit                                    build/stm32f1xx_hal_dma.o
HAL_DMA_GetError                                  build/stm32f1xx_hal_dma.o
HAL_DMA_GetState                                  build/stm32f1xx_hal_dma.o
HAL_DMA_IRQHandler                                build/stm32f1xx_hal_dma.o
HAL_DMA_Init                                      build/stm32f1xx_hal_dma.o
                                                  build/setup.o
HAL_DMA_PollForTransfer                           build/stm32f1xx_hal_dma.o
HAL_DMA_RegisterCallback                          build/stm32f1xx_hal_dma.o
HAL_DMA_Start                                     build/stm32f1xx_hal_dma.o
HAL_DMA_Start_IT                                  build/stm32f1xx_hal_dma.o
                                                  build/stm32f1xx_hal_i2c.o
                                                  build/stm32f1xx_hal_uart.o
                                                  build/stm32f1xx_hal_adc.o
                                                  build/stm32f1xx_hal_adc_ex.o
                                                  build/stm32f1xx_hal_tim_ex.o
                                                  build/stm32f1xx_hal_tim.o
HAL_DMA_UnRegisterCallback                        build/stm32f1xx_hal_dma.o
HAL_DeInit                                        build/stm32f1xx_hal.o
HAL_Delay                                         build/stm32f1xx_hal.o
                                                  build/main.o
                                                  build/control.o
HAL_FLASHEx_Erase                                 build/stm32f1xx_hal_flash_ex.o
HAL_FLASHEx_Erase_IT                              build/stm32f1xx_hal_flash_ex.o
HAL_FLASHEx_OBErase                               build/stm32f1xx_hal_flash_ex.o
HAL_FLASHEx_OBGetConfig                           build/stm32f1xx_hal_flash_ex.o
HAL_FLASHEx_OBGetUserData                         build/stm32f1xx_hal_flash_ex.o
HAL_FLASHEx_OBProgram                             build/stm32f1xx_hal_flash_ex.o
HAL_FLASH_EndOfOperationCallback                  build/stm32f1xx_hal_flash.o
HAL_FLASH_GetError                                build/stm32f1xx_hal_flash.o
HAL_FLASH_IRQHandler                              build/stm32f1xx_hal_flash.o
HAL_FLASH_Lock                                    build/stm32f1xx_hal_flash.o
HAL_FLASH_OB_Launch                               build/stm32f1xx_hal_flash.o
HAL_FLASH_OB_Lock                                 build/stm32f1xx_hal_flash.o
HAL_FLASH_OB_Unlock                               build/stm32f1xx_hal_flash.o
HAL_FLASH_OperationErrorCallback                  build/stm32f1xx_hal_flash.o
HAL_FLASH_Program                                 build/stm32f1xx_hal_flash.o
HAL_FLASH_Program_IT                              build/stm32f1xx_hal_flash.o
HAL_FLASH_Unlock                                  build/stm32f1xx_hal_flash.o
HAL_GPIOEx_ConfigEventout                         build/stm32f1xx_hal_gpio_ex.o
HAL_GPIOEx_DisableEventout                        build/stm32f1xx_hal_gpio_ex.o
HAL_GPIOEx_EnableEventout                         build/stm32f1xx_hal_gpio_ex.o
HAL_GPIO_DeInit                                   build/stm32f1xx_hal_gpio.o
HAL_GPIO_EXTI_Callback                            build/stm32f1xx_hal_gpio.o
HAL_GPIO_EXTI_IRQHandler                          build/stm32f1xx_hal_gpio.o
HAL_GPIO_Init                                     build/stm32f1xx_hal_gpio.o
                                                  build/setup.o
                                                  build/stm32f1xx_hal_rcc.o
HAL_GPIO_LockPin                                  build/stm32f1xx_hal_gpio.o
HAL_GPIO_ReadPin                                  build/stm32f1xx_hal_gpio.o
                                                  build/main.o
HAL_GPIO_TogglePin                                build/stm32f1xx_hal_gpio.o
                                                  build/bldc.o
                                                  build/main.o
HAL_GPIO_WritePin                                 build/stm32f1xx_hal_gpio.o
                                                  build/bldc.o
                                                  build/main.o
HAL_GetDEVID                                      build/stm32f1xx_hal.o
HAL_GetHalVersion                                 build/stm32f1xx_hal.o
HAL_GetREVID                                      build/stm32f1xx_hal.o
HAL_GetTick                                       build/stm32f1xx_hal.o
                                                  build/stm32f1xx_hal_dma.o
                                                  build/stm32f1xx_hal_i2c.o
                                                  build/stm32f1xx_hal_uart.o
                                                  build/stm32f1xx_hal_adc.o
                                                  build/stm32f1xx_hal_rcc_ex.o
                                                  build/stm32f1xx_hal_adc_ex.o
                                                  build/stm32f1xx_hal_rcc.o
                                                  build/stm32f1xx_hal_flash.o
HAL_GetUID                                        build/stm32f1xx_hal.o
HAL_HalfDuplex_EnableReceiver                     build/stm32f1xx_hal_uart.o
HAL_HalfDuplex_EnableTransmitter                  build/stm32f1xx_hal_uart.o
HAL_HalfDuplex_Init                               build/stm32f1xx_hal_uart.o
HAL_I2C_AbortCpltCallback                         build/stm32f1xx_hal_i2c.o
HAL_I2C_AddrCallback                              build/stm32f1xx_hal_i2c.o
HAL_I2C_DeInit                                    build/stm32f1xx_hal_i2c.o
HAL_I2C_DisableListen_IT                          build/stm32f1xx_hal_i2c.o
HAL_I2C_ER_IRQHandler                             build/stm32f1xx_hal_i2c.o
HAL_I2C_EV_IRQHandler                             build/stm32f1xx_hal_i2c.o
HAL_I2C_EnableListen_IT                           build/stm32f1xx_hal_i2c.o
HAL_I2C_ErrorCallback                             build/stm32f1xx_hal_i2c.o
HAL_I2C_GetError                                  build/stm32f1xx_hal_i2c.o
HAL_I2C_GetMode                                   build/stm32f1xx_hal_i2c.o
HAL_I2C_GetState                                  build/stm32f1xx_hal_i2c.o
HAL_I2C_Init                                      build/stm32f1xx_hal_i2c.o
                                                  build/setup.o
HAL_I2C_IsDeviceReady                             build/stm32f1xx_hal_i2c.o
HAL_I2C_ListenCpltCallback                        build/stm32f1xx_hal_i2c.o
HAL_I2C_MasterRxCpltCallback                      build/stm32f1xx_hal_i2c.o
HAL_I2C_MasterTxCpltCallback                      build/stm32f1xx_hal_i2c.o
HAL_I2C_Master_Abort_IT                           build/stm32f1xx_hal_i2c.o
HAL_I2C_Master_Receive                            build/stm32f1xx_hal_i2c.o
                                                  build/control.o
HAL_I2C_Master_Receive_DMA                        build/stm32f1xx_hal_i2c.o
HAL_I2C_Master_Receive_IT                         build/stm32f1xx_hal_i2c.o
HAL_I2C_Master_Sequential_Receive_IT              build/stm32f1xx_hal_i2c.o
HAL_I2C_Master_Sequential_Transmit_IT             build/stm32f1xx_hal_i2c.o
HAL_I2C_Master_Transmit                           build/stm32f1xx_hal_i2c.o
                                                  build/control.o
HAL_I2C_Master_Transmit_DMA                       build/stm32f1xx_hal_i2c.o
HAL_I2C_Master_Transmit_IT                        build/stm32f1xx_hal_i2c.o
HAL_I2C_MemRxCpltCallback                         build/stm32f1xx_hal_i2c.o
HAL_I2C_MemTxCpltCallback                         build/stm32f1xx_hal_i2c.o
HAL_I2C_Mem_Read                                  build/stm32f1xx_hal_i2c.o
HAL_I2C_Mem_Read_DMA                              build/stm32f1xx_hal_i2c.o
HAL_I2C_Mem_Read_IT                               build/stm32f1xx_hal_i2c.o
HAL_I2C_Mem_Write                                 build/stm32f1xx_hal_i2c.o
HAL_I2C_Mem_Write_DMA                             build/stm32f1xx_hal_i2c.o
HAL_I2C_Mem_Write_IT                              build/stm32f1xx_hal_i2c.o
HAL_I2C_MspDeInit                                 build/stm32f1xx_hal_i2c.o
HAL_I2C_MspInit                                   build/stm32f1xx_hal_i2c.o
HAL_I2C_SlaveRxCpltCallback                       build/stm32f1xx_hal_i2c.o
HAL_I2C_SlaveTxCpltCallback                       build/stm32f1xx_hal_i2c.o
HAL_I2C_Slave_Receive                             build/stm32f1xx_hal_i2c.o
HAL_I2C_Slave_Receive_DMA                         build/stm32f1xx_hal_i2c.o
HAL_I2C_Slave_Receive_IT                          build/stm32f1xx_hal_i2c.o
HAL_I2C_Slave_Sequential_Receive_IT               build/stm32f1xx_hal_i2c.o
HAL_I2C_Slave_Sequential_Transmit_IT              build/stm32f1xx_hal_i2c.o
HAL_I2C_Slave_Transmit                            build/stm32f1xx_hal_i2c.o
HAL_I2C_Slave_Transmit_DMA                        build/stm32f1xx_hal_i2c.o
HAL_I2C_Slave_Transmit_IT                         build/stm32f1xx_hal_i2c.o
HAL_IncTick                                       build/stm32f1xx_hal.o
                                                  build/stm32f1xx_it.o
HAL_Init                                          build/stm32f1xx_hal.o
                                                  build/main.o
HAL_InitTick                                      build/stm32f1xx_hal.o
                                                  build/stm32f1xx_hal_rcc.o
HAL_LIN_Init                                      build/stm32f1xx_hal_uart.o
HAL_LIN_SendBreak                                 build/stm32f1xx_hal_uart.o
HAL_MspDeInit                                     build/stm32f1xx_hal.o
HAL_MspInit                                       build/stm32f1xx_hal.o
HAL_MultiProcessor_EnterMuteMode                  build/stm32f1xx_hal_uart.o
HAL_MultiProcessor_ExitMuteMode                   build/stm32f1xx_hal_uart.o
HAL_MultiProcessor_Init                           build/stm32f1xx_hal_uart.o
HAL_NVIC_ClearPendingIRQ                          build/stm32f1xx_hal_cortex.o
HAL_NVIC_DisableIRQ                               build/stm32f1xx_hal_cortex.o
HAL_NVIC_EnableIRQ                                build/stm32f1xx_hal_cortex.o
                                                  build/setup.o
HAL_NVIC_GetActive                                build/stm32f1xx_hal_cortex.o
HAL_NVIC_GetPendingIRQ                            build/stm32f1xx_hal_cortex.o
HAL_NVIC_GetPriority                              build/stm32f1xx_hal_cortex.o
HAL_NVIC_GetPriorityGrouping                      build/stm32f1xx_hal_cortex.o
HAL_NVIC_SetPendingIRQ                            build/stm32f1xx_hal_cortex.o
HAL_NVIC_SetPriority                              build/stm32f1xx_hal_cortex.o
                                                  build/main.o
                                                  build/setup.o
                                                  build/stm32f1xx_hal.o
HAL_NVIC_SetPriorityGrouping                      build/stm32f1xx_hal_cortex.o
                                                  build/main.o
                                                  build/stm32f1xx_hal.o
HAL_NVIC_SystemReset                              build/stm32f1xx_hal_cortex.o
                                                  build/stm32f1xx_hal_flash.o
HAL_PWR_ConfigPVD                                 build/stm32f1xx_hal_pwr.o
HAL_PWR_DeInit                                    build/stm32f1xx_hal_pwr.o
HAL_PWR_DisableBkUpAccess                         build/stm32f1xx_hal_pwr.o
HAL_PWR_DisablePVD                                build/stm32f1xx_hal_pwr.o
HAL_PWR_DisableSEVOnPend                          build/stm32f1xx_hal_pwr.o
HAL_PWR_DisableSleepOnExit                        build/stm32f1xx_hal_pwr.o
HAL_PWR_DisableWakeUpPin                          build/stm32f1xx_hal_pwr.o
HAL_PWR_EnableBkUpAccess                          build/stm32f1xx_hal_pwr.o
HAL_PWR_EnablePVD                                 build/stm32f1xx_hal_pwr.o
HAL_PWR_EnableSEVOnPend                           build/stm32f1xx_hal_pwr.o
HAL_PWR_EnableSleepOnExit                         build/stm32f1xx_hal_pwr.o
HAL_PWR_EnableWakeUpPin                           build/stm32f1xx_hal_pwr.o
HAL_PWR_EnterSLEEPMode                            build/stm32f1xx_hal_pwr.o
HAL_PWR_EnterSTANDBYMode                          build/stm32f1xx_hal_pwr.o
HAL_PWR_EnterSTOPMode                             build/stm32f1xx_hal_pwr.o
HAL_PWR_PVDCallback                               build/stm32f1xx_hal_pwr.o
HAL_PWR_PVD_IRQHandler                            build/stm32f1xx_hal_pwr.o
HAL_RCCEx_GetPeriphCLKConfig                      build/stm32f1xx_hal_rcc_ex.o
HAL_RCCEx_GetPeriphCLKFreq                        build/stm32f1xx_hal_rcc_ex.o
                                                  build/stm32f1xx_hal_adc.o
                                                  build/stm32f1xx_hal_adc_ex.o
HAL_RCCEx_PeriphCLKConfig                         build/stm32f1xx_hal_rcc_ex.o
                                                  build/main.o
HAL_RCC_CSSCallback                               build/stm32f1xx_hal_rcc.o
HAL_RCC_ClockConfig                               build/stm32f1xx_hal_rcc.o
                                                  build/main.o
HAL_RCC_DeInit                                    build/stm32f1xx_hal_rcc.o
HAL_RCC_DisableCSS                                build/stm32f1xx_hal_rcc.o
HAL_RCC_EnableCSS                                 build/stm32f1xx_hal_rcc.o
HAL_RCC_GetClockConfig                            build/stm32f1xx_hal_rcc.o
HAL_RCC_GetHCLKFreq                               build/stm32f1xx_hal_rcc.o
                                                  build/main.o
HAL_RCC_GetOscConfig                              build/stm32f1xx_hal_rcc.o
HAL_RCC_GetPCLK1Freq                              build/stm32f1xx_hal_rcc.o
                                                  build/stm32f1xx_hal_i2c.o
                                                  build/stm32f1xx_hal_uart.o
HAL_RCC_GetPCLK2Freq                              build/stm32f1xx_hal_rcc.o
                                                  build/stm32f1xx_hal_uart.o
                                                  build/stm32f1xx_hal_rcc_ex.o
HAL_RCC_GetSysClockFreq                           build/stm32f1xx_hal_rcc.o
                                                  build/stm32f1xx_hal_rcc_ex.o
HAL_RCC_MCOConfig                                 build/stm32f1xx_hal_rcc.o
HAL_RCC_NMI_IRQHandler                            build/stm32f1xx_hal_rcc.o
HAL_RCC_OscConfig                                 build/stm32f1xx_hal_rcc.o
                                                  build/main.o
HAL_ResumeTick                                    build/stm32f1xx_hal.o
HAL_SYSTICK_CLKSourceConfig                       build/stm32f1xx_hal_cortex.o
                                                  build/main.o
HAL_SYSTICK_Callback                              build/stm32f1xx_hal_cortex.o
HAL_SYSTICK_Config                                build/stm32f1xx_hal_cortex.o
                                                  build/main.o
                                                  build/stm32f1xx_hal.o
HAL_SYSTICK_IRQHandler                            build/stm32f1xx_hal_cortex.o
                                                  build/stm32f1xx_it.o
HAL_SuspendTick                                   build/stm32f1xx_hal.o
HAL_TIMEx_BreakCallback                           build/stm32f1xx_hal_tim_ex.o
                                                  build/stm32f1xx_hal_tim.o
HAL_TIMEx_CommutationCallback                     build/stm32f1xx_hal_tim_ex.o
                                                  build/stm32f1xx_hal_tim.o
HAL_TIMEx_ConfigBreakDeadTime                     build/stm32f1xx_hal_tim_ex.o
                                                  build/setup.o
HAL_TIMEx_ConfigCommutationEvent                  build/stm32f1xx_hal_tim_ex.o
HAL_TIMEx_ConfigCommutationEvent_DMA              build/stm32f1xx_hal_tim_ex.o
HAL_TIMEx_ConfigCommutationEvent_IT               build/stm32f1xx_hal_tim_ex.o
HAL_TIMEx_HallSensor_DeInit                       build/stm32f1xx_hal_tim_ex.o
HAL_TIMEx_HallSensor_GetState                     build/stm32f1xx_hal_tim_ex.o
HAL_TIMEx_HallSensor_Init                         build/stm32f1xx_hal_tim_ex.o
HAL_TIMEx_HallSensor_MspDeInit                    build/stm32f1xx_hal_tim_ex.o
HAL_TIMEx_HallSensor_MspInit                      build/stm32f1xx_hal_tim_ex.o
HAL_TIMEx_HallSensor_Start                        build/stm32f1xx_hal_tim_ex.o
HAL_TIMEx_HallSensor_Start_DMA                    build/stm32f1xx_hal_tim_ex.o
HAL_TIMEx_HallSensor_Start_IT                     build/stm32f1xx_hal_tim_ex.o
HAL_TIMEx_HallSensor_Stop                         build/stm32f1xx_hal_tim_ex.o
HAL_TIMEx_HallSensor_Stop_DMA                     build/stm32f1xx_hal_tim_ex.o
HAL_TIMEx_HallSensor_Stop_IT                      build/stm32f1xx_hal_tim_ex.o
HAL_TIMEx_MasterConfigSynchronization             build/stm32f1xx_hal_tim_ex.o
                                                  build/setup.o
HAL_TIMEx_OCN_Start                               build/stm32f1xx_hal_tim_ex.o
HAL_TIMEx_OCN_Start_DMA                           build/stm32f1xx_hal_tim_ex.o
HAL_TIMEx_OCN_Start_IT                            build/stm32f1xx_hal_tim_ex.o
HAL_TIMEx_OCN_Stop                                build/stm32f1xx_hal_tim_ex.o
HAL_TIMEx_OCN_Stop_DMA                            build/stm32f1xx_hal_tim_ex.o
HAL_TIMEx_OCN_Stop_IT                             build/stm32f1xx_hal_tim_ex.o
HAL_TIMEx_OnePulseN_Start                         build/stm32f1xx_hal_tim_ex.o
HAL_TIMEx_OnePulseN_Start_IT                      build/stm32f1xx_hal_tim_ex.o
HAL_TIMEx_OnePulseN_Stop                          build/stm32f1xx_hal_tim_ex.o
HAL_TIMEx_OnePulseN_Stop_IT                       build/stm32f1xx_hal_tim_ex.o
HAL_TIMEx_PWMN_Start                              build/stm32f1xx_hal_tim_ex.o
                                                  build/setup.o
HAL_TIMEx_PWMN_Start_DMA                          build/stm32f1xx_hal_tim_ex.o
HAL_TIMEx_PWMN_Start_IT                           build/stm32f1xx_hal_tim_ex.o
HAL_TIMEx_PWMN_Stop                               build/stm32f1xx_hal_tim_ex.o
HAL_TIMEx_PWMN_Stop_DMA                           build/stm32f1xx_hal_tim_ex.o
HAL_TIMEx_PWMN_Stop_IT                            build/stm32f1xx_hal_tim_ex.o
HAL_TIM_Base_DeInit                               build/stm32f1xx_hal_tim.o
HAL_TIM_Base_GetState                             build/stm32f1xx_hal_tim.o
HAL_TIM_Base_Init                                 build/stm32f1xx_hal_tim.o
HAL_TIM_Base_MspDeInit                            build/stm32f1xx_hal_tim.o
HAL_TIM_Base_MspInit                              build/stm32f1xx_hal_tim.o
HAL_TIM_Base_Start                                build/stm32f1xx_hal_tim.o
HAL_TIM_Base_Start_DMA                            build/stm32f1xx_hal_tim.o
HAL_TIM_Base_Start_IT                             build/stm32f1xx_hal_tim.o
HAL_TIM_Base_Stop                                 build/stm32f1xx_hal_tim.o
HAL_TIM_Base_Stop_DMA                             build/stm32f1xx_hal_tim.o
HAL_TIM_Base_Stop_IT                              build/stm32f1xx_hal_tim.o
HAL_TIM_ConfigClockSource                         build/stm32f1xx_hal_tim.o
HAL_TIM_ConfigOCrefClear                          build/stm32f1xx_hal_tim.o
HAL_TIM_ConfigTI1Input                            build/stm32f1xx_hal_tim.o
HAL_TIM_DMABurst_ReadStart                        build/stm32f1xx_hal_tim.o
HAL_TIM_DMABurst_ReadStop                         build/stm32f1xx_hal_tim.o
HAL_TIM_DMABurst_WriteStart                       build/stm32f1xx_hal_tim.o
HAL_TIM_DMABurst_WriteStop                        build/stm32f1xx_hal_tim.o
HAL_TIM_Encoder_DeInit                            build/stm32f1xx_hal_tim.o
HAL_TIM_Encoder_GetState                          build/stm32f1xx_hal_tim.o
HAL_TIM_Encoder_Init                              build/stm32f1xx_hal_tim.o
HAL_TIM_Encoder_MspDeInit                         build/stm32f1xx_hal_tim.o
HAL_TIM_Encoder_MspInit                           build/stm32f1xx_hal_tim.o
HAL_TIM_Encoder_Start                             build/stm32f1xx_hal_tim.o
HAL_TIM_Encoder_Start_DMA                         build/stm32f1xx_hal_tim.o
HAL_TIM_Encoder_Start_IT                          build/stm32f1xx_hal_tim.o
HAL_TIM_Encoder_Stop                              build/stm32f1xx_hal_tim.o
HAL_TIM_Encoder_Stop_DMA                          build/stm32f1xx_hal_tim.o
HAL_TIM_Encoder_Stop_IT                           build/stm32f1xx_hal_tim.o
HAL_TIM_ErrorCallback                             build/stm32f1xx_hal_tim.o
HAL_TIM_GenerateEvent                             build/stm32f1xx_hal_tim.o
HAL_TIM_IC_CaptureCallback                        build/stm32f1xx_hal_tim.o
HAL_TIM_IC_ConfigChannel                          build/stm32f1xx_hal_tim.o
HAL_TIM_IC_DeInit                                 build/stm32f1xx_hal_tim.o
HAL_TIM_IC_GetState                               build/stm32f1xx_hal_tim.o
HAL_TIM_IC_Init                                   build/stm32f1xx_hal_tim.o
HAL_TIM_IC_MspDeInit                              build/stm32f1xx_hal_tim.o
HAL_TIM_IC_MspInit                                build/stm32f1xx_hal_tim.o
HAL_TIM_IC_Start                                  build/stm32f1xx_hal_tim.o
HAL_TIM_IC_Start_DMA                              build/stm32f1xx_hal_tim.o
HAL_TIM_IC_Start_IT                               build/stm32f1xx_hal_tim.o
HAL_TIM_IC_Stop                                   build/stm32f1xx_hal_tim.o
HAL_TIM_IC_Stop_DMA                               build/stm32f1xx_hal_tim.o
HAL_TIM_IC_Stop_IT                                build/stm32f1xx_hal_tim.o
HAL_TIM_IRQHandler                                build/stm32f1xx_hal_tim.o
HAL_TIM_OC_ConfigChannel                          build/stm32f1xx_hal_tim.o
HAL_TIM_OC_DeInit                                 build/stm32f1xx_hal_tim.o
HAL_TIM_OC_DelayElapsedCallback                   build/stm32f1xx_hal_tim.o
HAL_TIM_OC_GetState                               build/stm32f1xx_hal_tim.o
HAL_TIM_OC_Init                                   build/stm32f1xx_hal_tim.o
HAL_TIM_OC_MspDeInit                              build/stm32f1xx_hal_tim.o
HAL_TIM_OC_MspInit                                build/stm32f1xx_hal_tim.o
HAL_TIM_OC_Start                                  build/stm32f1xx_hal_tim.o
HAL_TIM_OC_Start_DMA                              build/stm32f1xx_hal_tim.o
HAL_TIM_OC_Start_IT                               build/stm32f1xx_hal_tim.o
HAL_TIM_OC_Stop                                   build/stm32f1xx_hal_tim.o
HAL_TIM_OC_Stop_DMA                               build/stm32f1xx_hal_tim.o
HAL_TIM_OC_Stop_IT                                build/stm32f1xx_hal_tim.o
HAL_TIM_OnePulse_ConfigChannel                    build/stm32f1xx_hal_tim.o
HAL_TIM_OnePulse_DeInit                           build/stm32f1xx_hal_tim.o
HAL_TIM_OnePulse_GetState                         build/stm32f1xx_hal_tim.o
HAL_TIM_OnePulse_Init                             build/stm32f1xx_hal_tim.o
HAL_TIM_OnePulse_MspDeInit                        build/stm32f1xx_hal_tim.o
HAL_TIM_OnePulse_MspInit                          build/stm32f1xx_hal_tim.o
HAL_TIM_OnePulse_Start                            build/stm32f1xx_hal_tim.o
HAL_TIM_OnePulse_Start_IT                         build/stm32f1xx_hal_tim.o
HAL_TIM_OnePulse_Stop                             build/stm32f1xx_hal_tim.o
HAL_TIM_OnePulse_Stop_IT                          build/stm32f1xx_hal_tim.o
HAL_TIM_PWM_ConfigChannel                         build/stm32f1xx_hal_tim.o
                                                  build/setup.o
HAL_TIM_PWM_DeInit                                build/stm32f1xx_hal_tim.o
HAL_TIM_PWM_GetState                              build/stm32f1xx_hal_tim.o
HAL_TIM_PWM_Init                                  build/stm32f1xx_hal_tim.o
                                                  build/setup.o
HAL_TIM_PWM_MspDeInit                             build/stm32f1xx_hal_tim.o
HAL_TIM_PWM_MspInit                               build/stm32f1xx_hal_tim.o
HAL_TIM_PWM_PulseFinishedCallback                 build/stm32f1xx_hal_tim.o
HAL_TIM_PWM_Start                                 build/stm32f1xx_hal_tim.o
                                                  build/setup.o
HAL_TIM_PWM_Start_DMA                             build/stm32f1xx_hal_tim.o
HAL_TIM_PWM_Start_IT                              build/stm32f1xx_hal_tim.o
HAL_TIM_PWM_Stop                                  build/stm32f1xx_hal_tim.o
HAL_TIM_PWM_Stop_DMA                              build/stm32f1xx_hal_tim.o
HAL_TIM_PWM_Stop_IT                               build/stm32f1xx_hal_tim.o
HAL_TIM_PeriodElapsedCallback                     build/stm32f1xx_hal_tim.o
HAL_TIM_ReadCapturedValue                         build/stm32f1xx_hal_tim.o
HAL_TIM_SlaveConfigSynchronization                build/stm32f1xx_hal_tim.o
                                                  build/setup.o
HAL_TIM_SlaveConfigSynchronization_IT             build/stm32f1xx_hal_tim.o
HAL_TIM_TriggerCallback                           build/stm32f1xx_hal_tim.o
HAL_UART_Abort                                    build/stm32f1xx_hal_uart.o
HAL_UART_AbortCpltCallback                        build/stm32f1xx_hal_uart.o
HAL_UART_AbortReceive                             build/stm32f1xx_hal_uart.o
HAL_UART_AbortReceiveCpltCallback                 build/stm32f1xx_hal_uart.o
HAL_UART_AbortReceive_IT                          build/stm32f1xx_hal_uart.o
HAL_UART_AbortTransmit                            build/stm32f1xx_hal_uart.o
HAL_UART_AbortTransmitCpltCallback                build/stm32f1xx_hal_uart.o
HAL_UART_AbortTransmit_IT                         build/stm32f1xx_hal_uart.o
HAL_UART_Abort_IT                                 build/stm32f1xx_hal_uart.o
HAL_UART_DMAPause                                 build/stm32f1xx_hal_uart.o
HAL_UART_DMAResume                                build/stm32f1xx_hal_uart.o
HAL_UART_DMAStop                                  build/stm32f1xx_hal_uart.o
HAL_UART_DeInit                                   build/stm32f1xx_hal_uart.o
HAL_UART_ErrorCallback                            build/stm32f1xx_hal_uart.o
HAL_UART_GetError                                 build/stm32f1xx_hal_uart.o
HAL_UART_GetState                                 build/stm32f1xx_hal_uart.o
HAL_UART_IRQHandler                               build/stm32f1xx_hal_uart.o
HAL_UART_Init                                     build/stm32f1xx_hal_uart.o
HAL_UART_MspDeInit                                build/stm32f1xx_hal_uart.o
HAL_UART_MspInit                                  build/stm32f1xx_hal_uart.o
HAL_UART_Receive                                  build/stm32f1xx_hal_uart.o
HAL_UART_Receive_DMA                              build/stm32f1xx_hal_uart.o
HAL_UART_Receive_IT                               build/stm32f1xx_hal_uart.o
HAL_UART_RxCpltCallback                           build/stm32f1xx_hal_uart.o
HAL_UART_RxHalfCpltCallback                       build/stm32f1xx_hal_uart.o
HAL_UART_Transmit                                 build/stm32f1xx_hal_uart.o
HAL_UART_Transmit_DMA                             build/stm32f1xx_hal_uart.o
HAL_UART_Transmit_IT                              build/stm32f1xx_hal_uart.o
HAL_UART_TxCpltCallback                           build/stm32f1xx_hal_uart.o
HAL_UART_TxHalfCpltCallback                       build/stm32f1xx_hal_uart.o
HardFault_Handler                                 build/stm32f1xx_it.o
I2C1_ER_IRQHandler                                build/startup_stm32f103xe.o
I2C1_EV_IRQHandler                                build/startup_stm32f103xe.o
I2C2_ER_IRQHandler                                build/startup_stm32f103xe.o
I2C2_EV_IRQHandler                                build/startup_stm32f103xe.o
I2C_Init                                          build/setup.o
MX_ADC1_Init                                      build/setup.o
                                                  build/main.o
MX_ADC2_Init                                      build/setup.o
                                                  build/main.o
MX_GPIO_Init                                      build/setup.o
                                                  build/main.o
MX_TIM_Init                                       build/setup.o
                                                  build/main.o
MemManage_Handler                                 build/stm32f1xx_it.o
NMI_Handler                                       build/stm32f1xx_it.o
Nunchuck_Init                                     build/control.o
Nunchuck_Read                                     build/control.o
PVD_IRQHandler                                    build/startup_stm32f103xe.o
PendSV_Handler                                    build/stm32f1xx_it.o
RCC_IRQHandler                                    build/startup_stm32f103xe.o
RTC_Alarm_IRQHandler                              build/startup_stm32f103xe.o
RTC_IRQHandler                                    build/startup_stm32f103xe.o
Reset_Handler                                     build/startup_stm32f103xe.o
SDIO_IRQHandler                                   build/startup_stm32f103xe.o
SPI1_IRQHandler                                   build/startup_stm32f103xe.o
SPI2_IRQHandler                                   build/startup_stm32f103xe.o
SPI3_IRQHandler                                   build/startup_stm32f103xe.o
SVC_Handler                                       build/stm32f1xx_it.o
SysTick_Handler                                   build/stm32f1xx_it.o
SystemClock_Config                                build/main.o
SystemCoreClock                                   build/system_stm32f1xx.o
                                                  build/stm32f1xx_hal_i2c.o
                                                  build/stm32f1xx_hal_adc.o
                                                  build/stm32f1xx_hal.o
                                                  build/stm32f1xx_hal_adc_ex.o
                                                  build/stm32f1xx_hal_rcc.o
SystemCoreClockUpdate                             build/system_stm32f1xx.o
SystemInit                                        build/system_stm32f1xx.o
                                                  build/startup_stm32f103xe.o
TAMPER_IRQHandler                                 build/startup_stm32f103xe.o
TIM1_BRK_IRQHandler                               build/startup_stm32f103xe.o
TIM1_CC_IRQHandler                                build/startup_stm32f103xe.o
TIM1_TRG_COM_IRQHandler                           build/startup_stm32f103xe.o
TIM1_UP_IRQHandler                                build/startup_stm32f103xe.o
TIM2_IRQHandler                                   build/startup_stm32f103xe.o
TIM3_IRQHandler                                   build/startup_stm32f103xe.o
TIM4_IRQHandler                                   build/startup_stm32f103xe.o
TIM5_IRQHandler                                   build/startup_stm32f103xe.o
TIM6_IRQHandler                                   build/startup_stm32f103xe.o
TIM7_IRQHandler                                   build/startup_stm32f103xe.o
TIM8_BRK_IRQHandler                               build/startup_stm32f103xe.o
TIM8_CC_IRQHandler                                build/startup_stm32f103xe.o
TIM8_TRG_COM_IRQHandler                           build/startup_stm32f103xe.o
TIM8_UP_IRQHandler                                build/startup_stm32f103xe.o
TIMEx_DMACommutationCplt                          build/stm32f1xx_hal_tim_ex.o
                                                  build/stm32f1xx_hal_tim.o
TIM_Base_SetConfig                                build/stm32f1xx_hal_tim.o
                                                  build/stm32f1xx_hal_tim_ex.o
TIM_CCxChannelCmd                                 build/stm32f1xx_hal_tim.o
                                                  build/stm32f1xx_hal_tim_ex.o
TIM_DMACaptureCplt                                build/stm32f1xx_hal_tim.o
                                                  build/stm32f1xx_hal_tim_ex.o
TIM_DMADelayPulseCplt                             build/stm32f1xx_hal_tim.o
                                                  build/stm32f1xx_hal_tim_ex.o
TIM_DMAError                                      build/stm32f1xx_hal_tim.o
                                                  build/stm32f1xx_hal_tim_ex.o
TIM_OC2_SetConfig                                 build/stm32f1xx_hal_tim.o
                                                  build/stm32f1xx_hal_tim_ex.o
TIM_TI1_SetConfig                                 build/stm32f1xx_hal_tim.o
                                                  build/stm32f1xx_hal_tim_ex.o
TimHandle                                         build/control.o
UART4_IRQHandler                                  build/startup_stm32f103xe.o
UART5_IRQHandler                                  build/startup_stm32f103xe.o
USART1_IRQHandler                                 build/startup_stm32f103xe.o
USART2_IRQHandler                                 build/startup_stm32f103xe.o
USART3_IRQHandler                                 build/startup_stm32f103xe.o
USBWakeUp_IRQHandler                              build/startup_stm32f103xe.o
USB_HP_CAN1_TX_IRQHandler                         build/startup_stm32f103xe.o
USB_LP_CAN1_RX0_IRQHandler                        build/startup_stm32f103xe.o
UsageFault_Handler                                build/stm32f1xx_it.o
WWDG_IRQHandler                                   build/startup_stm32f103xe.o
_ITM_deregisterTMCloneTable                       /usr/lib/gcc/arm-none-eabi/4.9.3/armv7-m/crtbegin.o
_ITM_registerTMCloneTable                         /usr/lib/gcc/arm-none-eabi/4.9.3/armv7-m/crtbegin.o
_Jv_RegisterClasses                               /usr/lib/gcc/arm-none-eabi/4.9.3/armv7-m/crtbegin.o
__TMC_END__                                       /usr/lib/gcc/arm-none-eabi/4.9.3/armv7-m/crtend.o
                                                  /usr/lib/gcc/arm-none-eabi/4.9.3/armv7-m/crtbegin.o
__adddf3                                          /usr/lib/gcc/arm-none-eabi/4.9.3/armv7-m/libgcc.a(_arm_addsubdf3.o)